smqueue pid: 975 is stopping......
smqueue close complete......
asterisk pid: 961 is stopping......
asterisk close complete......
sipauthserve pid: 967 is stopping......
sipauthserve close complete......
openbts pid: 1058 are stopping......
openbts close complete......
transceiver pid: 1091 are stopping......
transceiver close complete......
Start sipauthserve, pid=950, the log is in /OpenBTS/log/sipauthserve.log
Start smqueue, pid=992, the log is in /var/log/smqueue.log
Start asterisk, pid=948, the log is in /OpenBTS/log/asterisk.log
[32m    product: B210 connect success......[0m
[31mOpenBTS is starting,please wait......[0m
[31mOpenBTS is starting,please wait......[0m
[31mOpenBTS is starting,please wait......[0m
[31mOpenBTS is starting,please wait......[0m
[31mOpenBTS is starting,please wait......[0m
system ready
Start OpenBTS, pid=1056, the log is in /OpenBTS/log/openbts.log
smqueue pid: 992 is stopping......
smqueue close complete......
asterisk pid: 948 is stopping......
asterisk close complete......
sipauthserve pid: 950 is stopping......
sipauthserve close complete......
openbts pid: 1056 are stopping......
openbts close complete......
transceiver pid: 1083 are stopping......
transceiver close complete......
Start sipauthserve, pid=1544, the log is in /OpenBTS/log/sipauthserve.log
Start smqueue, pid=1551, the log is in /var/log/smqueue.log
Start asterisk, pid=1543, the log is in /OpenBTS/log/asterisk.log
[32m    product: B210 connect success......[0m
[31mOpenBTS is starting,please wait......[0m
[31mOpenBTS is starting,please wait......[0m
[31mOpenBTS is starting,please wait......[0m
[31mOpenBTS is starting,please wait......[0m
[31mOpenBTS is starting,please wait......[0m
system ready
Start OpenBTS, pid=1619, the log is in /OpenBTS/log/openbts.log
smqueue pid: 1551 is stopping......
smqueue close complete......
asterisk pid: 1543 is stopping......
asterisk close complete......
sipauthserve pid: 1544 is stopping......
sipauthserve close complete......
openbts pid: 1619 are stopping......
openbts close complete......
transceiver pid: 1644 are stopping......
transceiver close complete......
