ALERT 1619:1619 2021-08-13T17:59:50.9 OpenBTS.cpp:595:main: OpenBTS (re)starting, ver 5.0-master build date/time 2019-06-03T12:13:02
ALERT 1619:1619 2021-08-13T17:59:50.9 OpenBTS.cpp:596:main: OpenBTS reading config file /etc/OpenBTS/OpenBTS.db
1628848790.938352 140513389311808: 

OpenBTS
Copyright 2008, 2009, 2010 Free Software Foundation, Inc.
Copyright 2010 Kestrel Signal Processing, Inc.
Copyright 2011, 2012, 2013, 2014 Range Networks, Inc.
Release 5.0-master+646bb6e79f CommonLibs:76b71d509b P formal build date 2019-06-03T12:01:55
"OpenBTS" is a registered trademark of Range Networks, Inc.

Contributors:
  Range Networks, Inc.:
    David Burgess, Harvind Samra, Donald Kirker, Doug Brown,
    Pat Thompson, Kurtis Heimerl, Michael Iedema, Dave Gotwisner
  Kestrel Signal Processing, Inc.:
    David Burgess, Harvind Samra, Raffi Sevlian, Roshan Baliga
  GNU Radio:
    Johnathan Corgan
  Others:
    Anne Kwong, Jacob Appelbaum, Joshua Lackey, Alon Levy
    Alexander Chemeris, Alberto Escudero-Pascual
Incorporated L/GPL libraries and components:
  libortp, LGPL, 2.1 Copyright 2001 Simon MORLAT simon.morlat@linphone.org
  libusb, LGPL 2.1, various copyright holders, www.libusb.org
  libzmq, LGPL 3:
      Copyright (c) 2009-2011 250bpm s.r.o.
      Copyright (c) 2011 Botond Ballo
      Copyright (c) 2007-2009 iMatix Corporation
Incorporated BSD/MIT-style libraries and components:
  A5/1 Pedagogical Implementation, Simplified BSD License, Copyright 1998-1999 Marc Briceno, Ian Goldberg, and David Wagner
  JsonBox, Copyright 2011 Anhero Inc.
  Google Core Dumper, BSD 3-Clause License, Copyright (c) 2005-2007, Google Inc.
Incorporated public domain libraries and components:
  sqlite3, released to public domain 15 Sept 2001, www.sqlite.org


This program comes with ABSOLUTELY NO WARRANTY.

Use of this software may be subject to other legal restrictions,
including patent licensing and radio spectrum licensing.
All users of this software are expected to comply with applicable
regulations and laws.  See the LEGAL file in the source code for
more information.

Note to US Government Users:
 The OpenBTS software applications and associated documentation are "Commercial
 Item(s)," as that term is defined at 48 C.F.R. Section 2.101, consisting of
 "Commercial Computer Software" and "Commercial Computer Software Documentation,"
 as such terms are used in 48 C.F.R. 12.212 or 48 C.F.R. 227.7202, as
 applicable. Consistent with 48 C.F.R. 12.212 or 48 C.F.R. Sections 227.7202-1
 through 227.7202-4, as applicable, the Commercial Computer Software and
 Commercial Computer Software Documentation are being licensed to U.S. Government
 end users (a) only as Commercial Items and (b) with only those rights as are
 granted to all other end users pursuant to the terms and conditions of
 Range Networks' software licenses and master customer agreement.


1628848790.945403 140513389311808: 
Starting the system...
ALERT 1619:1641 2021-08-13T17:59:55.9 OpenBTS.cpp:174:startTransceiver: starting transceiver ./transceiver with 1 ARFCNs
linux; GNU C++ version 5.4.0 20160609; Boost_105800; UHD_003.009.000-0-gcd88f80f

Using internal frequency reference
-- Detected Device: B210
-- Operating over USB 3.
-- Detecting internal GPSDO.... Found a generic NMEA GPS device
-- Initialize CODEC control...
-- Initialize Radio control...
-- Performing register loopback test... pass
-- Performing register loopback test... pass
-- Performing CODEC loopback test... pass
-- Performing CODEC loopback test... pass
-- Asking for clock rate 16.000000 MHz... 
-- Actually got clock rate 16.000000 MHz.
-- Performing timer loopback test... pass
-- Performing timer loopback test... pass
-- Setting master clock rate selection to 'automatic'.
-- Asking for clock rate 32.000000 MHz... 
-- Actually got clock rate 32.000000 MHz.
-- Performing timer loopback test... pass
-- Performing timer loopback test... pass
-- Asking for clock rate 26.000000 MHz... 
-- Actually got clock rate 26.000000 MHz.
-- Performing timer loopback test... pass
-- Performing timer loopback test... pass
RTNETLINK answers: File exists
1628848802.954971 140513389311808: 
system ready

1628848802.955040 140513389311808: 
use the OpenBTSCLI utility to access CLI

1628848802.955140 140513389311808: OpenBTSCLI network socket support for tcp:49300

