Starting at 2021-08-13T16:01:30
ALERT 0:9269 2021-08-13T16:01:30.3 smqueue.cpp:2798:main: smqueue (re)starting
INFO 0:9269 2021-08-13T16:01:30.3 SmqMessageHandler.cpp:39:StartThreads: Start reader and writer threads
DEBUG 0:9269 2021-08-13T16:01:30.3 SmqTest.cpp:162:StartTestThreads: Start test threads version 14
DEBUG 0:9287 2021-08-13T16:01:30.3 SmqReader.cpp:43:SmqReaderThread: Start SMQ reader thread
DEBUG 0:9287 2021-08-13T16:01:30.3 smqueue.cpp:1580:InitBeforeMainLoop: Set SIP.Timeout.MessageResend value 120
DEBUG 0:9287 2021-08-13T16:01:30.3 smqueue.cpp:1586:InitBeforeMainLoop: Set SIP.Timeout.MessageBounce value 120
DEBUG 0:9287 2021-08-13T16:01:30.3 smnet.cpp:315:listen_on_port: listen_on_port try address 0.0.0.0:5063
ERR 0:9287 2021-08-13T16:01:30.3 smnet.cpp:341:listen_on_port: Listening at address '0.0.0.0:5063 fd 24
DEBUG 0:9287 2021-08-13T16:01:30.3 smnet.cpp:315:listen_on_port: listen_on_port try address :::5063
ERR 0:9287 2021-08-13T16:01:30.3 smnet.cpp:323:listen_on_port: listen_on_port(5063) can't bind (It's okay as long as one port is opened) to addr ':::5063': Address already in use errno:98
INFO 0:9287 2021-08-13T16:01:30.3 smqueue.cpp:1597:InitBeforeMainLoop: Got VALID port for smqueue to listen on
DEBUG 0:9287 2021-08-13T16:01:30.3 smqueue.cpp:2577:read_queue_from_file: read_queue_from_file:/tmp/save
DEBUG 0:9287 2021-08-13T16:01:30.3 smqueue.cpp:2587:read_queue_from_file: End of smqueue file
INFO 0:9287 2021-08-13T16:01:30.3 smqueue.cpp:2651:read_queue_from_file: === Read 0 messages total, 0 bad ones.
INFO 0:9287 2021-08-13T16:01:30.3 smqueue.cpp:1470:InitInsideReaderLoop: SIP.myPort UDP 5063
DEBUG 0:9288 2021-08-13T16:01:30.3 SmqWriter.cpp:48:SmqWriterThread: Start SMQ writer thread
DEBUG 0:9288 2021-08-13T16:01:30.3 SmqWriter.cpp:62:SmqWriterThread: Enter writer thread loop
DEBUG 0:9288 2021-08-13T16:01:30.3 SmqMessageHandler.cpp:125:SmqWaitforMessage: Try to open queue:/SmqWriter in SmqWaitforMessage
DEBUG 0:9288 2021-08-13T16:01:30.3 SmqMessageHandler.cpp:202:SmqInitReceiver: SmqInitReceiver queue name:/SmqWriter
DEBUG 0:9288 2021-08-13T16:01:30.3 SmqMessageHandler.cpp:208:SmqInitReceiver: Message queue opened:/SmqWriter
DEBUG 0:9288 2021-08-13T16:01:30.3 SmqMessageHandler.cpp:128:SmqWaitforMessage: Successfully opened queue:/SmqWriter in SmqWaitforMessage
INFO 0:9287 2021-08-13T16:01:30.3 smqueue.cpp:1471:InitInsideReaderLoop: My own IP address is configured as 127.0.0.1
INFO 0:9287 2021-08-13T16:01:30.3 smqueue.cpp:1472:InitInsideReaderLoop: The HLR registry is at 127.0.0.1:5060
DEBUG 0:9287 2021-08-13T16:01:30.3 SmqReader.cpp:53:SmqReaderThread: Enter reader thread loop
DEBUG 0:9287 2021-08-13T16:01:30.3 smnet.cpp:203:get_next_dgram: Try to load datagram tmo 60000 socket fd 24
DEBUG 0:9287 2021-08-13T16:02:30.4 smnet.cpp:212:get_next_dgram: Timeout returned from poll
DEBUG 0:9287 2021-08-13T16:02:30.4 smqueue.cpp:2410:main_loop: Timeout wait for datagram
DEBUG 0:9287 2021-08-13T16:02:30.4 smnet.cpp:203:get_next_dgram: Try to load datagram tmo 60000 socket fd 24
DEBUG 0:9288 2021-08-13T16:02:31.1 SmqWriter.cpp:80:SmqWriterThread: Run once a minute stuff
INFO 0:9288 2021-08-13T16:02:31.1 smqueue.cpp:1470:InitInsideReaderLoop: SIP.myPort UDP 5063
INFO 0:9288 2021-08-13T16:02:31.1 smqueue.cpp:1471:InitInsideReaderLoop: My own IP address is configured as 127.0.0.1
INFO 0:9288 2021-08-13T16:02:31.1 smqueue.cpp:1472:InitInsideReaderLoop: The HLR registry is at 127.0.0.1:5060
DEBUG 0:9288 2021-08-13T16:02:31.1 smqueue.cpp:2519:save_queue_to_file: save_queue_to_file:/tmp/save
INFO 0:9288 2021-08-13T16:02:31.1 smqueue.cpp:2549:save_queue_to_file: Saved 0 queued messages to /tmp/save
DEBUG 0:9287 2021-08-13T16:03:01.5 smqueue.cpp:2413:main_loop: Got incoming datagram length 575
DEBUG 0:9287 2021-08-13T16:03:01.5 smqueue.h:340:parse: SMS message encoded 3GPP
DEBUG 0:9287 2021-08-13T16:03:01.5 SMSMessages.cpp:93:decodeRPData:  datalen=50 encoding=hex
DEBUG 0:9287 2021-08-13T16:03:01.5 SMSMessages.cpp:108:decodeRPData: SMS RPDU: primitive=undefined  data=(000f000291f712013508810100000000000761f1985c369f01)
DEBUG 0:9287 2021-08-13T16:03:01.5 GSML3CCElements.cpp:108:parseV: L3CalledPartyBCDNumber::parseV rp=32 expLen=2
DEBUG 0:9287 2021-08-13T16:03:01.5 GSML3CCElements.cpp:33:parse: parse international 1
DEBUG 0:9287 2021-08-13T16:03:01.5 SMSMessages.cpp:286:parseV: src=primitive=DATA raw=(000f000291f712013508810100000000000761f1985c369f01) (length=25) rp=56 expectedLength=18
DEBUG 0:9287 2021-08-13T16:03:01.5 SMSMessages.cpp:292:parseV: mTPDU length=18data=primitive=undefined  data=(4444ce895ffd00b1675a9c01b38a002b74c5)
DEBUG 0:9287 2021-08-13T16:03:01.5 SMSMessages.cpp:114:decodeRPData: SMS RP-DATA 0 ref=15 origSMSC=(type=unknown plan=unknown digits=) destSMSC=(type=international plan=E.164/ISDN digits=+7) TPDU=(primitive=undefined  data=(013508810100000000000761f1985c369f01))
DEBUG 0:9287 2021-08-13T16:03:01.5 SMSMessages.cpp:173:parseTPDU: SMS: parseTPDU MTI=1
DEBUG 0:9287 2021-08-13T16:03:01.5 GSML3CCElements.cpp:33:parse: parse international 0
DEBUG 0:9287 2021-08-13T16:03:01.5 SMSMessages.cpp:474:parse: SMS: TLValidityPeriod::parse VPF=0
DEBUG 0:9287 2021-08-13T16:03:01.5 SMSMessages.cpp:505:parse: SMS: no validity period, assuming 1 week
INFO 0:9287 2021-08-13T16:03:01.5 SMSMessages.cpp:184:parseTPDU: SMS SMS-SUBMIT MTI=1 RD=0 VPF=0 RP=0 UDHI=0 SRR=0 MR=53 DA=(type=unknown plan=E.164/ISDN digits=10000000) PI=0 DCS=0 VP=(expiration=(2021-08-20T16:03:01)) UD="DCS=0 UDHI=0 UDLength=7 UD=(868f193a6cf980)"
DEBUG 0:9287 2021-08-13T16:03:01.5 smqueue.cpp:687:validate_short_msg: Param tag=OBTSihanrhpevcsbbjye
DEBUG 0:9287 2021-08-13T16:03:01.5 smqueue.cpp:689:validate_short_msg: Got from tag
DEBUG 0:9287 2021-08-13T16:03:01.5 smnet.cpp:450:msg_is_from_relay: Source addr: 127.0.0.1:5062
DEBUG 0:9287 2021-08-13T16:03:01.5 smqueue.cpp:824:set_qtag: Param tag=OBTSihanrhpevcsbbjye
DEBUG 0:9287 2021-08-13T16:03:01.5 smqueue.cpp:826:set_qtag: Got from tag
NOTICE 0:9287 2021-08-13T16:03:01.5 smqueue.cpp:2455:main_loop: Got SMS rqst qtag '979530--OBTSihanrhpevcsbbjye' from IMSI001010123456780 for smsc
DEBUG 0:9287 2021-08-13T16:03:01.5 smqueue.h:719:set_state: Set state Current: No State Newstate: Initial State Timeout value 1
DEBUG 0:9287 2021-08-13T16:03:01.5 smqueue.cpp:2495:debug_dump: Dump message queue
DEBUG 0:9287 2021-08-13T16:03:01.5 smqueue.cpp:2500:debug_dump: === State: Initial State	0
MSG = MESSAGE sip:smsc@127.0.0.1:5063 SIP/2.0
To:  <sip:smsc@127.0.0.1>
From:  <sip:IMSI001010123456780@127.0.0.1:5062>;tag=OBTSihanrhpevcsbbjye
Via: SIP/2.0/UDP 127.0.0.1:5062;branch=z9hG4bKOBTSqmmcywglkifknave
Call-ID: 2735914f40ad6374
CSeq: 979530 MESSAGE
Contact: <sip:IMSI001010123456780@127.0.0.1:5062>;expires=3600
Max-Forwards: 70
P-Preferred-Identity: <sip:IMSI001010123456780@127.0.0.1>
User-Agent: OpenBTS 5.0-master Build Date 2019-06-03T12:03:03
Content-Type: application/vnd.3gpp.sms
Content-Length: 50

000f000291f712013508810100000000000761f1985c369f01
DEBUG 0:9287 2021-08-13T16:03:01.5 SmqMessageHandler.cpp:260:ProcessReceivedMsg: Signal writer thread ProcessReceivedMsg
DEBUG 0:9287 2021-08-13T16:03:01.5 SmqMessageHandler.cpp:251:queue_respond_sip_ack: Send SIP ACK queue request
DEBUG 0:9287 2021-08-13T16:03:01.5 smnet.cpp:203:get_next_dgram: Try to load datagram tmo 60000 socket fd 24
DEBUG 0:9288 2021-08-13T16:03:01.5 QueuedMsgHdrs.h:179:ProcessMessage: Process message ProcessIncommingMsg
DEBUG 0:9288 2021-08-13T16:03:01.5 smqueue.cpp:1005:process_timeout: Process message from SMS queue size: 1
INFO 0:9288 2021-08-13T16:03:01.5 smqueue.cpp:1017:process_timeout: === Aug 13 16:03:01 1 queued; Initial State for 979530--OBTSihanrhpevcsbbjye
DEBUG 0:9288 2021-08-13T16:03:01.5 smqueue.cpp:1023:process_timeout: Processing message in queue, state Initial State
DEBUG 0:9288 2021-08-13T16:03:01.5 smqueue.h:482:get_text: Trying to decode message MS->SC MTI=1 tl_message: MTI=1 RD=0 VPF=0 RP=0 UDHI=0 SRR=0 MR=53 DA=(type=unknown plan=E.164/ISDN digits=10000000) PI=0 DCS=0 VP=(expiration=(2021-08-20T16:03:01)) UD="DCS=0 UDHI=0 UDLength=7 UD=(868f193a6cf980)"
NOTICE 0:9288 2021-08-13T16:03:01.5 smqueue.h:505:get_text: Decoded text: abcdefg
INFO 0:9288 2021-08-13T16:03:01.5 smqueue.cpp:1778:handle_short_code: Short-code SMS smsc with text "abcdefg"
INFO 0:9288 2021-08-13T16:03:01.5 smsc.cpp:295:submitSMS: from IMSI001010123456780 message: MTI=1 RD=0 VPF=0 RP=0 UDHI=0 SRR=0 MR=53 DA=(type=unknown plan=E.164/ISDN digits=10000000) PI=0 DCS=0 VP=(expiration=(2021-08-20T16:03:01)) UD="DCS=0 UDHI=0 UDLength=7 UD=(868f193a6cf980)"
INFO 0:9288 2021-08-13T16:03:01.5 ../SR/SubscriberRegistry.cpp:607:getIMSI2: getIMSI2(10000000)
INFO 0:9288 2021-08-13T16:03:01.5 ../SR/SubscriberRegistry.cpp:462:sqlLocal: select dial from dialdata_table where exten IN ('10000000', '+10000000')
INFO 0:9288 2021-08-13T16:03:01.5 ../SR/SubscriberRegistry.cpp:527:sqlQuery2: result = IMSI001012333333333
INFO 0:9288 2021-08-13T16:03:01.5 smsc.cpp:117:sendSIP_init: from IMSI001010123456780 to 10000000
DEBUG 0:9288 2021-08-13T16:03:01.5 smqueue.cpp:1056:process_timeout: State from handle_short_code Initial State
DEBUG 0:9288 2021-08-13T16:03:01.5 smqueue.h:719:set_state: Set state Current: Initial State Newstate: Initial State Timeout value 0
DEBUG 0:9288 2021-08-13T16:03:01.5 QueuedMsgHdrs.h:124:ProcessMessage: Process message SIPAckMessage
DEBUG 0:9288 2021-08-13T16:03:01.5 smqueue.cpp:2186:respond_sip_ack: Send SIP ACK message
DEBUG 0:9288 2021-08-13T16:03:01.5 smqueue.cpp:2193:respond_sip_ack: Short message parse returned success
INFO 0:9288 2021-08-13T16:03:01.5 smqueue.cpp:2243:respond_sip_ack: Responding with "202 Queued".
DEBUG 0:9288 2021-08-13T16:03:01.7 smqueue.cpp:1005:process_timeout: Process message from SMS queue size: 1
INFO 0:9288 2021-08-13T16:03:01.7 smqueue.cpp:1017:process_timeout: === Aug 13 16:03:01 1 queued; Initial State for 979530--OBTSihanrhpevcsbbjye
DEBUG 0:9288 2021-08-13T16:03:01.7 smqueue.cpp:1023:process_timeout: Processing message in queue, state Initial State
DEBUG 0:9288 2021-08-13T16:03:01.7 smqueue.cpp:1056:process_timeout: State from handle_short_code Initial State
DEBUG 0:9288 2021-08-13T16:03:01.7 smqueue.h:719:set_state: Set state Current: Initial State Newstate: Request From-Address Lookup Timeout value 3000000
DEBUG 0:9288 2021-08-13T16:03:01.9 smqueue.cpp:1005:process_timeout: Process message from SMS queue size: 1
INFO 0:9288 2021-08-13T16:03:01.9 smqueue.cpp:1017:process_timeout: === Aug 13 16:03:01 1 queued; Request From-Address Lookup for 979530--OBTSihanrhpevcsbbjye
DEBUG 0:9288 2021-08-13T16:03:01.9 smqueue.cpp:1023:process_timeout: Processing message in queue, state Request From-Address Lookup
INFO 0:9288 2021-08-13T16:03:01.9 ../SR/SubscriberRegistry.cpp:630:getCLIDLocal: getCLIDLocal(IMSI001010123456780)
INFO 0:9288 2021-08-13T16:03:01.9 ../SR/SubscriberRegistry.cpp:462:sqlLocal: select callerid from sip_buddies where username = "IMSI001010123456780"
INFO 0:9288 2021-08-13T16:03:01.9 ../SR/SubscriberRegistry.cpp:501:sqlQuery: result = 10000001
DEBUG 0:9288 2021-08-13T16:03:01.9 smqueue.h:719:set_state: Set state Current: Request From-Address Lookup Newstate: Request Destination IMSI Timeout value 0
DEBUG 0:9288 2021-08-13T16:03:02.1 smqueue.cpp:1005:process_timeout: Process message from SMS queue size: 1
INFO 0:9288 2021-08-13T16:03:02.1 smqueue.cpp:1017:process_timeout: === Aug 13 16:03:02 1 queued; Request Destination IMSI for 979530--OBTSihanrhpevcsbbjye
DEBUG 0:9288 2021-08-13T16:03:02.1 smqueue.cpp:1023:process_timeout: Processing message in queue, state Request Destination IMSI
INFO 0:9288 2021-08-13T16:03:02.1 ../SR/SubscriberRegistry.cpp:607:getIMSI2: getIMSI2(10000000)
INFO 0:9288 2021-08-13T16:03:02.1 ../SR/SubscriberRegistry.cpp:462:sqlLocal: select dial from dialdata_table where exten IN ('10000000', '+10000000')
INFO 0:9288 2021-08-13T16:03:02.1 ../SR/SubscriberRegistry.cpp:527:sqlQuery2: result = IMSI001012333333333
DEBUG 0:9288 2021-08-13T16:03:02.1 smqueue.h:719:set_state: Set state Current: Request Destination IMSI Newstate: Request Destination SIP URL Timeout value 3000000
DEBUG 0:9288 2021-08-13T16:03:02.3 smqueue.cpp:1005:process_timeout: Process message from SMS queue size: 1
INFO 0:9288 2021-08-13T16:03:02.3 smqueue.cpp:1017:process_timeout: === Aug 13 16:03:02 1 queued; Request Destination SIP URL for 979530--OBTSihanrhpevcsbbjye
DEBUG 0:9288 2021-08-13T16:03:02.3 smqueue.cpp:1023:process_timeout: Processing message in queue, state Request Destination SIP URL
DEBUG 0:9288 2021-08-13T16:03:02.3 smqueue.cpp:2283:lookup_uri_hostport: We have an IMSI: IMSI001012333333333
INFO 0:9288 2021-08-13T16:03:02.3 ../SR/SubscriberRegistry.cpp:654:getRegistrationIP: getRegistrationIP(IMSI001012333333333)
INFO 0:9288 2021-08-13T16:03:02.3 ../SR/SubscriberRegistry.cpp:462:sqlLocal: select ipaddr from sip_buddies where username = "IMSI001012333333333"
INFO 0:9288 2021-08-13T16:03:02.3 ../SR/SubscriberRegistry.cpp:501:sqlQuery: result = 127.0.0.1
DEBUG 0:9288 2021-08-13T16:03:02.3 smqueue.cpp:2288:lookup_uri_hostport: We are going to try to send to 127.0.0.1 on 
DEBUG 0:9288 2021-08-13T16:03:02.3 smqueue.cpp:2308:lookup_uri_hostport: We will send to 127.0.0.1 on 5062
DEBUG 0:9288 2021-08-13T16:03:02.3 smqueue.cpp:824:set_qtag: Param tag=OBTSihanrhpevcsbbjye
DEBUG 0:9288 2021-08-13T16:03:02.3 smqueue.cpp:826:set_qtag: Got from tag
DEBUG 0:9288 2021-08-13T16:03:02.3 smqueue.h:719:set_state: Set state Current: Request Destination SIP URL Newstate: Request Message Delivery Timeout value 0
DEBUG 0:9288 2021-08-13T16:03:02.5 smqueue.cpp:1005:process_timeout: Process message from SMS queue size: 1
INFO 0:9288 2021-08-13T16:03:02.5 smqueue.cpp:1017:process_timeout: === Aug 13 16:03:02 1 queued; Request Message Delivery for 979530--OBTSihanrhpevcsbbjye
DEBUG 0:9288 2021-08-13T16:03:02.5 smqueue.cpp:1023:process_timeout: Processing message in queue, state Request Message Delivery
DEBUG 0:9288 2021-08-13T16:03:02.5 smqueue.cpp:1126:process_timeout: In delivery action time 1628841782399
DEBUG 0:9288 2021-08-13T16:03:02.5 smqueue.h:482:get_text: Trying to decode message MS->SC MTI=1 tl_message: MTI=1 RD=0 VPF=0 RP=0 UDHI=0 SRR=0 MR=53 DA=(type=unknown plan=E.164/ISDN digits=10000000) PI=0 DCS=0 VP=(expiration=(2021-08-20T16:03:01)) UD="DCS=0 UDHI=0 UDLength=7 UD=(868f193a6cf980)"
NOTICE 0:9288 2021-08-13T16:03:02.5 smqueue.h:505:get_text: Decoded text: abcdefg
DEBUG 0:9288 2021-08-13T16:03:02.5 smsc.cpp:252:create_sms_delivery: New TLDeliver: MTI=0 OriginatingAddress=(type=national plan=E.164/ISDN digits=10000001) SCTimeStamp=(2021-08-13T16:03:02 (local)) DataCodingScheme=0 UserData=(DCS=0 UDHI=0 UDLength=7 UD=(868f193a6cf980))
DEBUG 0:9288 2021-08-13T16:03:02.5 SMSMessages.cpp:811:l2BodyLength: TLDEliver::l2BodyLength OA 6 SCTS 7 UD 8
DEBUG 0:9288 2021-08-13T16:03:02.5 GSML3MMElements.cpp:87:writeV: year=21 month=8 day=13 hour=16 min=3 sec=2 zone=+32
DEBUG 0:9288 2021-08-13T16:03:02.5 smsc.cpp:255:create_sms_delivery: New RPData: 0 ref=162 origSMSC=(type=national plan=E.164/ISDN digits=0000) destSMSC=(type=unknown plan=unknown digits=) TPDU=(primitive=undefined  data=(0408a1010000100000128031613020230761f1985c369f01))
DEBUG 0:9288 2021-08-13T16:03:02.5 GSML3CCElements.cpp:100:writeV: writeV mType national first digit 0
DEBUG 0:9288 2021-08-13T16:03:02.5 smsc.cpp:187:pack_tpdu: New RLFrame: primitive=undefined  data=(01a203a1000000180408a1010000100000128031613020230761f1985c369f01)
DEBUG 0:9288 2021-08-13T16:03:02.5 smsc.cpp:193:pack_tpdu: omsg->bodies.node 0x7f16e0003510 omsg->bodies.node->element 0x7f16e0003440
INFO 0:9288 2021-08-13T16:03:02.5 smqueue.cpp:1150:process_timeout: MaxRetries: trying attempt #1
INFO 0:9288 2021-08-13T16:03:02.5 smqueue.cpp:1169:process_timeout: Delivering '979530--OBTSihanrhpevcsbbjye' from 10000001 at 127.0.0.1:5062.
DEBUG 0:9288 2021-08-13T16:03:02.5 smqueue.cpp:1179:process_timeout: Before deliver set state action time 1628841782399
DEBUG 0:9288 2021-08-13T16:03:02.5 smnet.cpp:110:deliver_msg_datagram: 
--Deliver message:
DEBUG 0:9288 2021-08-13T16:03:02.5 smnet.cpp:111:deliver_msg_datagram: MESSAGE sip:IMSI001012333333333@127.0.0.1:5062 SIP/2.0
Via: SIP/2.0/UDP 127.0.0.1:5063;branch=1;received=smqueue@Range.com
Via: SIP/2.0/UDP 127.0.0.1:5062;branch=z9hG4bKOBTSqmmcywglkifknave
From: 10000001 <sip:10000001@127.0.0.1:5062>;tag=OBTSihanrhpevcsbbjye
To: 10000000 <sip:10000000@127.0.0.1>
Call-ID: wvfs4/
CSeq: 979530 MESSAGE
Contact: <sip:IMSI001010123456780@127.0.0.1:5062>;expires=3600
Content-Type: application/vnd.3gpp.sms
Max-forwards: 70
P-preferred-identity: <sip:IMSI001010123456780@127.0.0.1>
User-agent: OpenBTS 5.0-master Build Date 2019-06-03T12:03:03
Content-Length:    64

01A203A1000000180408A1010000100000128031613020230761F1985C369F01
DEBUG 0:9288 2021-08-13T16:03:02.6 smqueue.h:719:set_state: Set state Current: Request Message Delivery Newstate: Asked for Message Delivery Timeout value 3000000
DEBUG 0:9288 2021-08-13T16:03:02.6 smqueue.cpp:1185:process_timeout: After deliver set state action time 1628841797601
DEBUG 0:9287 2021-08-13T16:03:07.9 smqueue.cpp:2413:main_loop: Got incoming datagram length 380
DEBUG 0:9287 2021-08-13T16:03:07.9 smqueue.h:326:parse: SMS content not set continue anyway??
DEBUG 0:9287 2021-08-13T16:03:07.9 smqueue.cpp:687:validate_short_msg: Param tag=OBTSihanrhpevcsbbjye
DEBUG 0:9287 2021-08-13T16:03:07.9 smqueue.cpp:689:validate_short_msg: Got from tag
DEBUG 0:9287 2021-08-13T16:03:07.9 smqueue.cpp:824:set_qtag: Param tag=OBTSihanrhpevcsbbjye
DEBUG 0:9287 2021-08-13T16:03:07.9 smqueue.cpp:826:set_qtag: Got from tag
INFO 0:9287 2021-08-13T16:03:07.9 smqueue.cpp:2461:main_loop: Got SMS 200 Response qtag '979530--OBTSihanrhpevcsbbjye for 
DEBUG 0:9287 2021-08-13T16:03:07.9 smqueue.h:719:set_state: Set state Current: No State Newstate: Initial State Timeout value 1
DEBUG 0:9287 2021-08-13T16:03:07.9 smqueue.cpp:2495:debug_dump: Dump message queue
DEBUG 0:9287 2021-08-13T16:03:07.9 smqueue.cpp:2500:debug_dump: === State: Initial State	0
MSG = SIP/2.0 200 OK
To: 10000000 <sip:10000000@127.0.0.1>
From: 10000001 <sip:10000001@127.0.0.1:5062>;tag=OBTSihanrhpevcsbbjye
Via: SIP/2.0/UDP 127.0.0.1:5063;branch=1;received=smqueue@Range.com,SIP/2.0/UDP 127.0.0.1:5062;branch=z9hG4bKOBTSqmmcywglkifknave
Call-ID: wvfs4/
CSeq: 979530 MESSAGE
User-Agent: OpenBTS 5.0-master Build Date 2019-06-03T12:03:03
Content-Length: 0

DEBUG 0:9287 2021-08-13T16:03:07.9 smqueue.cpp:2500:debug_dump: === State: Asked for Message Delivery	9629
MSG = MESSAGE sip:IMSI001012333333333@127.0.0.1:5062 SIP/2.0
Via: SIP/2.0/UDP 127.0.0.1:5063;branch=1;received=smqueue@Range.com
Via: SIP/2.0/UDP 127.0.0.1:5062;branch=z9hG4bKOBTSqmmcywglkifknave
From: 10000001 <sip:10000001@127.0.0.1:5062>;tag=OBTSihanrhpevcsbbjye
To: 10000000 <sip:10000000@127.0.0.1>
Call-ID: wvfs4/
CSeq: 979530 MESSAGE
Contact: <sip:IMSI001010123456780@127.0.0.1:5062>;expires=3600
Content-Type: application/vnd.3gpp.sms
Max-forwards: 70
P-preferred-identity: <sip:IMSI001010123456780@127.0.0.1>
User-agent: OpenBTS 5.0-master Build Date 2019-06-03T12:03:03
Content-Length:    64

01A203A1000000180408A1010000100000128031613020230761F1985C369F01
DEBUG 0:9287 2021-08-13T16:03:07.9 SmqMessageHandler.cpp:260:ProcessReceivedMsg: Signal writer thread ProcessReceivedMsg
DEBUG 0:9287 2021-08-13T16:03:07.9 SmqMessageHandler.cpp:251:queue_respond_sip_ack: Send SIP ACK queue request
DEBUG 0:9287 2021-08-13T16:03:07.9 smnet.cpp:203:get_next_dgram: Try to load datagram tmo 60000 socket fd 24
DEBUG 0:9288 2021-08-13T16:03:07.9 QueuedMsgHdrs.h:179:ProcessMessage: Process message ProcessIncommingMsg
DEBUG 0:9288 2021-08-13T16:03:07.9 smqueue.cpp:1005:process_timeout: Process message from SMS queue size: 2
INFO 0:9288 2021-08-13T16:03:07.9 smqueue.cpp:1017:process_timeout: === Aug 13 16:03:07 2 queued; Initial State for 979530--OBTSihanrhpevcsbbjye
DEBUG 0:9288 2021-08-13T16:03:07.9 smqueue.cpp:1023:process_timeout: Processing message in queue, state Initial State
NOTICE 0:9288 2021-08-13T16:03:07.9 smqueue.cpp:318:handle_response: Got 200 response for sent msg '979530--OBTSihanrhpevcsbbjye' in state 12
INFO 0:9288 2021-08-13T16:03:07.9 ../SR/SubscriberRegistry.cpp:607:getIMSI2: getIMSI2(10000001)
INFO 0:9288 2021-08-13T16:03:07.9 ../SR/SubscriberRegistry.cpp:462:sqlLocal: select dial from dialdata_table where exten IN ('10000001', '+10000001')
INFO 0:9288 2021-08-13T16:03:07.9 ../SR/SubscriberRegistry.cpp:527:sqlQuery2: result = IMSI001010123456780
INFO 0:9288 2021-08-13T16:03:07.9 smqueue.cpp:385:handle_response: Deleting sent message.
DEBUG 0:9288 2021-08-13T16:03:07.9 QueuedMsgHdrs.h:124:ProcessMessage: Process message SIPAckMessage
DEBUG 0:9288 2021-08-13T16:03:07.9 smqueue.cpp:2186:respond_sip_ack: Send SIP ACK message
DEBUG 0:9288 2021-08-13T16:03:07.9 smqueue.cpp:2193:respond_sip_ack: Short message parse returned success
DEBUG 0:9288 2021-08-13T16:03:07.9 smqueue.cpp:2195:respond_sip_ack: Ignore response message
DEBUG 0:9288 2021-08-13T16:03:32.1 SmqWriter.cpp:80:SmqWriterThread: Run once a minute stuff
INFO 0:9288 2021-08-13T16:03:32.1 smqueue.cpp:1470:InitInsideReaderLoop: SIP.myPort UDP 5063
INFO 0:9288 2021-08-13T16:03:32.1 smqueue.cpp:1471:InitInsideReaderLoop: My own IP address is configured as 127.0.0.1
INFO 0:9288 2021-08-13T16:03:32.1 smqueue.cpp:1472:InitInsideReaderLoop: The HLR registry is at 127.0.0.1:5060
DEBUG 0:9288 2021-08-13T16:03:32.1 smqueue.cpp:2519:save_queue_to_file: save_queue_to_file:/tmp/save
INFO 0:9288 2021-08-13T16:03:32.1 smqueue.cpp:2549:save_queue_to_file: Saved 0 queued messages to /tmp/save
DEBUG 0:9287 2021-08-13T16:04:08.0 smnet.cpp:212:get_next_dgram: Timeout returned from poll
DEBUG 0:9287 2021-08-13T16:04:08.0 smqueue.cpp:2410:main_loop: Timeout wait for datagram
DEBUG 0:9287 2021-08-13T16:04:08.0 smnet.cpp:203:get_next_dgram: Try to load datagram tmo 60000 socket fd 24
DEBUG 0:9287 2021-08-13T16:04:11.5 smqueue.cpp:2413:main_loop: Got incoming datagram length 567
DEBUG 0:9287 2021-08-13T16:04:11.5 smqueue.h:340:parse: SMS message encoded 3GPP
DEBUG 0:9287 2021-08-13T16:04:11.5 SMSMessages.cpp:93:decodeRPData:  datalen=42 encoding=hex
DEBUG 0:9287 2021-08-13T16:04:11.5 SMSMessages.cpp:108:decodeRPData: SMS RPDU: primitive=undefined  data=(0010000291f70e013608810100000000000348361b)
DEBUG 0:9287 2021-08-13T16:04:11.5 GSML3CCElements.cpp:108:parseV: L3CalledPartyBCDNumber::parseV rp=32 expLen=2
DEBUG 0:9287 2021-08-13T16:04:11.5 GSML3CCElements.cpp:33:parse: parse international 1
DEBUG 0:9287 2021-08-13T16:04:11.5 SMSMessages.cpp:286:parseV: src=primitive=DATA raw=(0010000291f70e013608810100000000000348361b) (length=21) rp=56 expectedLength=14
DEBUG 0:9287 2021-08-13T16:04:11.5 SMSMessages.cpp:292:parseV: mTPDU length=14data=primitive=undefined  data=(040444445ffd00b1675a9c41ab0a)
DEBUG 0:9287 2021-08-13T16:04:11.5 SMSMessages.cpp:114:decodeRPData: SMS RP-DATA 0 ref=16 origSMSC=(type=unknown plan=unknown digits=) destSMSC=(type=international plan=E.164/ISDN digits=+7) TPDU=(primitive=undefined  data=(013608810100000000000348361b))
DEBUG 0:9287 2021-08-13T16:04:11.5 SMSMessages.cpp:173:parseTPDU: SMS: parseTPDU MTI=1
DEBUG 0:9287 2021-08-13T16:04:11.5 GSML3CCElements.cpp:33:parse: parse international 0
DEBUG 0:9287 2021-08-13T16:04:11.5 SMSMessages.cpp:474:parse: SMS: TLValidityPeriod::parse VPF=0
DEBUG 0:9287 2021-08-13T16:04:11.5 SMSMessages.cpp:505:parse: SMS: no validity period, assuming 1 week
INFO 0:9287 2021-08-13T16:04:11.5 SMSMessages.cpp:184:parseTPDU: SMS SMS-SUBMIT MTI=1 RD=0 VPF=0 RP=0 UDHI=0 SRR=0 MR=54 DA=(type=unknown plan=E.164/ISDN digits=10000000) PI=0 DCS=0 VP=(expiration=(2021-08-20T16:04:11)) UD="DCS=0 UDHI=0 UDLength=3 UD=(126cd8)"
DEBUG 0:9287 2021-08-13T16:04:11.5 smqueue.cpp:687:validate_short_msg: Param tag=OBTSprkqonpsjfstxruc
DEBUG 0:9287 2021-08-13T16:04:11.5 smqueue.cpp:689:validate_short_msg: Got from tag
DEBUG 0:9287 2021-08-13T16:04:11.5 smnet.cpp:450:msg_is_from_relay: Source addr: 127.0.0.1:5062
DEBUG 0:9287 2021-08-13T16:04:11.5 smqueue.cpp:824:set_qtag: Param tag=OBTSprkqonpsjfstxruc
DEBUG 0:9287 2021-08-13T16:04:11.5 smqueue.cpp:826:set_qtag: Got from tag
NOTICE 0:9287 2021-08-13T16:04:11.5 smqueue.cpp:2455:main_loop: Got SMS rqst qtag '979532--OBTSprkqonpsjfstxruc' from IMSI001010123456780 for smsc
DEBUG 0:9287 2021-08-13T16:04:11.5 smqueue.h:719:set_state: Set state Current: No State Newstate: Initial State Timeout value 1
DEBUG 0:9287 2021-08-13T16:04:11.5 smqueue.cpp:2495:debug_dump: Dump message queue
DEBUG 0:9287 2021-08-13T16:04:11.5 smqueue.cpp:2500:debug_dump: === State: Initial State	0
MSG = MESSAGE sip:smsc@127.0.0.1:5063 SIP/2.0
To:  <sip:smsc@127.0.0.1>
From:  <sip:IMSI001010123456780@127.0.0.1:5062>;tag=OBTSprkqonpsjfstxruc
Via: SIP/2.0/UDP 127.0.0.1:5062;branch=z9hG4bKOBTSspcfoeikkcwokstg
Call-ID: 277b7b514c4060b5
CSeq: 979532 MESSAGE
Contact: <sip:IMSI001010123456780@127.0.0.1:5062>;expires=3600
Max-Forwards: 70
P-Preferred-Identity: <sip:IMSI001010123456780@127.0.0.1>
User-Agent: OpenBTS 5.0-master Build Date 2019-06-03T12:03:03
Content-Type: application/vnd.3gpp.sms
Content-Length: 42

0010000291f70e013608810100000000000348361b
DEBUG 0:9287 2021-08-13T16:04:11.5 SmqMessageHandler.cpp:260:ProcessReceivedMsg: Signal writer thread ProcessReceivedMsg
DEBUG 0:9287 2021-08-13T16:04:11.5 SmqMessageHandler.cpp:251:queue_respond_sip_ack: Send SIP ACK queue request
DEBUG 0:9288 2021-08-13T16:04:11.5 QueuedMsgHdrs.h:179:ProcessMessage: Process message ProcessIncommingMsg
DEBUG 0:9287 2021-08-13T16:04:11.5 smnet.cpp:203:get_next_dgram: Try to load datagram tmo 60000 socket fd 24
DEBUG 0:9288 2021-08-13T16:04:11.5 smqueue.cpp:1005:process_timeout: Process message from SMS queue size: 1
INFO 0:9288 2021-08-13T16:04:11.5 smqueue.cpp:1017:process_timeout: === Aug 13 16:04:11 1 queued; Initial State for 979532--OBTSprkqonpsjfstxruc
DEBUG 0:9288 2021-08-13T16:04:11.5 smqueue.cpp:1023:process_timeout: Processing message in queue, state Initial State
DEBUG 0:9288 2021-08-13T16:04:11.5 smqueue.h:482:get_text: Trying to decode message MS->SC MTI=1 tl_message: MTI=1 RD=0 VPF=0 RP=0 UDHI=0 SRR=0 MR=54 DA=(type=unknown plan=E.164/ISDN digits=10000000) PI=0 DCS=0 VP=(expiration=(2021-08-20T16:04:11)) UD="DCS=0 UDHI=0 UDLength=3 UD=(126cd8)"
NOTICE 0:9288 2021-08-13T16:04:11.5 smqueue.h:505:get_text: Decoded text: Hll
INFO 0:9288 2021-08-13T16:04:11.5 smqueue.cpp:1778:handle_short_code: Short-code SMS smsc with text "Hll"
INFO 0:9288 2021-08-13T16:04:11.5 smsc.cpp:295:submitSMS: from IMSI001010123456780 message: MTI=1 RD=0 VPF=0 RP=0 UDHI=0 SRR=0 MR=54 DA=(type=unknown plan=E.164/ISDN digits=10000000) PI=0 DCS=0 VP=(expiration=(2021-08-20T16:04:11)) UD="DCS=0 UDHI=0 UDLength=3 UD=(126cd8)"
INFO 0:9288 2021-08-13T16:04:11.5 ../SR/SubscriberRegistry.cpp:607:getIMSI2: getIMSI2(10000000)
INFO 0:9288 2021-08-13T16:04:11.5 ../SR/SubscriberRegistry.cpp:462:sqlLocal: select dial from dialdata_table where exten IN ('10000000', '+10000000')
INFO 0:9288 2021-08-13T16:04:11.5 ../SR/SubscriberRegistry.cpp:527:sqlQuery2: result = IMSI001012333333333
INFO 0:9288 2021-08-13T16:04:11.5 smsc.cpp:117:sendSIP_init: from IMSI001010123456780 to 10000000
DEBUG 0:9288 2021-08-13T16:04:11.5 smqueue.cpp:1056:process_timeout: State from handle_short_code Initial State
DEBUG 0:9288 2021-08-13T16:04:11.5 smqueue.h:719:set_state: Set state Current: Initial State Newstate: Initial State Timeout value 0
DEBUG 0:9288 2021-08-13T16:04:11.5 QueuedMsgHdrs.h:124:ProcessMessage: Process message SIPAckMessage
DEBUG 0:9288 2021-08-13T16:04:11.5 smqueue.cpp:2186:respond_sip_ack: Send SIP ACK message
DEBUG 0:9288 2021-08-13T16:04:11.5 smqueue.cpp:2193:respond_sip_ack: Short message parse returned success
INFO 0:9288 2021-08-13T16:04:11.5 smqueue.cpp:2243:respond_sip_ack: Responding with "202 Queued".
DEBUG 0:9288 2021-08-13T16:04:11.7 smqueue.cpp:1005:process_timeout: Process message from SMS queue size: 1
INFO 0:9288 2021-08-13T16:04:11.7 smqueue.cpp:1017:process_timeout: === Aug 13 16:04:11 1 queued; Initial State for 979532--OBTSprkqonpsjfstxruc
DEBUG 0:9288 2021-08-13T16:04:11.7 smqueue.cpp:1023:process_timeout: Processing message in queue, state Initial State
DEBUG 0:9288 2021-08-13T16:04:11.7 smqueue.cpp:1056:process_timeout: State from handle_short_code Initial State
DEBUG 0:9288 2021-08-13T16:04:11.7 smqueue.h:719:set_state: Set state Current: Initial State Newstate: Request From-Address Lookup Timeout value 3000000
DEBUG 0:9288 2021-08-13T16:04:11.9 smqueue.cpp:1005:process_timeout: Process message from SMS queue size: 1
INFO 0:9288 2021-08-13T16:04:11.9 smqueue.cpp:1017:process_timeout: === Aug 13 16:04:11 1 queued; Request From-Address Lookup for 979532--OBTSprkqonpsjfstxruc
DEBUG 0:9288 2021-08-13T16:04:11.9 smqueue.cpp:1023:process_timeout: Processing message in queue, state Request From-Address Lookup
INFO 0:9288 2021-08-13T16:04:11.9 ../SR/SubscriberRegistry.cpp:630:getCLIDLocal: getCLIDLocal(IMSI001010123456780)
INFO 0:9288 2021-08-13T16:04:11.9 ../SR/SubscriberRegistry.cpp:462:sqlLocal: select callerid from sip_buddies where username = "IMSI001010123456780"
INFO 0:9288 2021-08-13T16:04:11.9 ../SR/SubscriberRegistry.cpp:501:sqlQuery: result = 10000001
DEBUG 0:9288 2021-08-13T16:04:11.9 smqueue.h:719:set_state: Set state Current: Request From-Address Lookup Newstate: Request Destination IMSI Timeout value 0
DEBUG 0:9288 2021-08-13T16:04:12.1 smqueue.cpp:1005:process_timeout: Process message from SMS queue size: 1
INFO 0:9288 2021-08-13T16:04:12.1 smqueue.cpp:1017:process_timeout: === Aug 13 16:04:12 1 queued; Request Destination IMSI for 979532--OBTSprkqonpsjfstxruc
DEBUG 0:9288 2021-08-13T16:04:12.1 smqueue.cpp:1023:process_timeout: Processing message in queue, state Request Destination IMSI
INFO 0:9288 2021-08-13T16:04:12.1 ../SR/SubscriberRegistry.cpp:607:getIMSI2: getIMSI2(10000000)
INFO 0:9288 2021-08-13T16:04:12.1 ../SR/SubscriberRegistry.cpp:462:sqlLocal: select dial from dialdata_table where exten IN ('10000000', '+10000000')
INFO 0:9288 2021-08-13T16:04:12.1 ../SR/SubscriberRegistry.cpp:527:sqlQuery2: result = IMSI001012333333333
DEBUG 0:9288 2021-08-13T16:04:12.1 smqueue.h:719:set_state: Set state Current: Request Destination IMSI Newstate: Request Destination SIP URL Timeout value 3000000
DEBUG 0:9288 2021-08-13T16:04:12.3 smqueue.cpp:1005:process_timeout: Process message from SMS queue size: 1
INFO 0:9288 2021-08-13T16:04:12.3 smqueue.cpp:1017:process_timeout: === Aug 13 16:04:12 1 queued; Request Destination SIP URL for 979532--OBTSprkqonpsjfstxruc
DEBUG 0:9288 2021-08-13T16:04:12.3 smqueue.cpp:1023:process_timeout: Processing message in queue, state Request Destination SIP URL
DEBUG 0:9288 2021-08-13T16:04:12.3 smqueue.cpp:2283:lookup_uri_hostport: We have an IMSI: IMSI001012333333333
INFO 0:9288 2021-08-13T16:04:12.3 ../SR/SubscriberRegistry.cpp:654:getRegistrationIP: getRegistrationIP(IMSI001012333333333)
INFO 0:9288 2021-08-13T16:04:12.3 ../SR/SubscriberRegistry.cpp:462:sqlLocal: select ipaddr from sip_buddies where username = "IMSI001012333333333"
INFO 0:9288 2021-08-13T16:04:12.3 ../SR/SubscriberRegistry.cpp:501:sqlQuery: result = 127.0.0.1
DEBUG 0:9288 2021-08-13T16:04:12.3 smqueue.cpp:2288:lookup_uri_hostport: We are going to try to send to 127.0.0.1 on 
DEBUG 0:9288 2021-08-13T16:04:12.3 smqueue.cpp:2308:lookup_uri_hostport: We will send to 127.0.0.1 on 5062
DEBUG 0:9288 2021-08-13T16:04:12.3 smqueue.cpp:824:set_qtag: Param tag=OBTSprkqonpsjfstxruc
DEBUG 0:9288 2021-08-13T16:04:12.3 smqueue.cpp:826:set_qtag: Got from tag
DEBUG 0:9288 2021-08-13T16:04:12.3 smqueue.h:719:set_state: Set state Current: Request Destination SIP URL Newstate: Request Message Delivery Timeout value 0
DEBUG 0:9288 2021-08-13T16:04:12.5 smqueue.cpp:1005:process_timeout: Process message from SMS queue size: 1
INFO 0:9288 2021-08-13T16:04:12.5 smqueue.cpp:1017:process_timeout: === Aug 13 16:04:12 1 queued; Request Message Delivery for 979532--OBTSprkqonpsjfstxruc
DEBUG 0:9288 2021-08-13T16:04:12.5 smqueue.cpp:1023:process_timeout: Processing message in queue, state Request Message Delivery
DEBUG 0:9288 2021-08-13T16:04:12.5 smqueue.cpp:1126:process_timeout: In delivery action time 1628841852308
DEBUG 0:9288 2021-08-13T16:04:12.5 smqueue.h:482:get_text: Trying to decode message MS->SC MTI=1 tl_message: MTI=1 RD=0 VPF=0 RP=0 UDHI=0 SRR=0 MR=54 DA=(type=unknown plan=E.164/ISDN digits=10000000) PI=0 DCS=0 VP=(expiration=(2021-08-20T16:04:11)) UD="DCS=0 UDHI=0 UDLength=3 UD=(126cd8)"
NOTICE 0:9288 2021-08-13T16:04:12.5 smqueue.h:505:get_text: Decoded text: Hll
DEBUG 0:9288 2021-08-13T16:04:12.5 smsc.cpp:252:create_sms_delivery: New TLDeliver: MTI=0 OriginatingAddress=(type=national plan=E.164/ISDN digits=10000001) SCTimeStamp=(2021-08-13T16:04:12 (local)) DataCodingScheme=0 UserData=(DCS=0 UDHI=0 UDLength=3 UD=(126cd8))
DEBUG 0:9288 2021-08-13T16:04:12.5 SMSMessages.cpp:811:l2BodyLength: TLDEliver::l2BodyLength OA 6 SCTS 7 UD 4
DEBUG 0:9288 2021-08-13T16:04:12.5 GSML3MMElements.cpp:87:writeV: year=21 month=8 day=13 hour=16 min=4 sec=12 zone=+32
DEBUG 0:9288 2021-08-13T16:04:12.5 smsc.cpp:255:create_sms_delivery: New RPData: 0 ref=85 origSMSC=(type=national plan=E.164/ISDN digits=0000) destSMSC=(type=unknown plan=unknown digits=) TPDU=(primitive=undefined  data=(0408a1010000100000128031614021230348361b))
DEBUG 0:9288 2021-08-13T16:04:12.5 GSML3CCElements.cpp:100:writeV: writeV mType national first digit 0
DEBUG 0:9288 2021-08-13T16:04:12.5 smsc.cpp:187:pack_tpdu: New RLFrame: primitive=undefined  data=(015503a1000000140408a1010000100000128031614021230348361b)
DEBUG 0:9288 2021-08-13T16:04:12.5 smsc.cpp:193:pack_tpdu: omsg->bodies.node 0x7f16e0003530 omsg->bodies.node->element 0x7f16e0003460
INFO 0:9288 2021-08-13T16:04:12.5 smqueue.cpp:1150:process_timeout: MaxRetries: trying attempt #1
INFO 0:9288 2021-08-13T16:04:12.5 smqueue.cpp:1169:process_timeout: Delivering '979532--OBTSprkqonpsjfstxruc' from 10000001 at 127.0.0.1:5062.
DEBUG 0:9288 2021-08-13T16:04:12.5 smqueue.cpp:1179:process_timeout: Before deliver set state action time 1628841852308
DEBUG 0:9288 2021-08-13T16:04:12.5 smnet.cpp:110:deliver_msg_datagram: 
--Deliver message:
DEBUG 0:9288 2021-08-13T16:04:12.5 smnet.cpp:111:deliver_msg_datagram: MESSAGE sip:IMSI001012333333333@127.0.0.1:5062 SIP/2.0
Via: SIP/2.0/UDP 127.0.0.1:5063;branch=1;received=smqueue@Range.com
Via: SIP/2.0/UDP 127.0.0.1:5062;branch=z9hG4bKOBTSspcfoeikkcwokstg
From: 10000001 <sip:10000001@127.0.0.1:5062>;tag=OBTSprkqonpsjfstxruc
To: 10000000 <sip:10000000@127.0.0.1>
Call-ID: 4mnNq/
CSeq: 979532 MESSAGE
Contact: <sip:IMSI001010123456780@127.0.0.1:5062>;expires=3600
Content-Type: application/vnd.3gpp.sms
Max-forwards: 70
P-preferred-identity: <sip:IMSI001010123456780@127.0.0.1>
User-agent: OpenBTS 5.0-master Build Date 2019-06-03T12:03:03
Content-Length:    56

015503A1000000140408A1010000100000128031614021230348361B
DEBUG 0:9288 2021-08-13T16:04:12.5 smqueue.h:719:set_state: Set state Current: Request Message Delivery Newstate: Asked for Message Delivery Timeout value 3000000
DEBUG 0:9288 2021-08-13T16:04:12.5 smqueue.cpp:1185:process_timeout: After deliver set state action time 1628841867509
DEBUG 0:9287 2021-08-13T16:04:15.2 smqueue.cpp:2413:main_loop: Got incoming datagram length 380
DEBUG 0:9287 2021-08-13T16:04:15.2 smqueue.h:326:parse: SMS content not set continue anyway??
DEBUG 0:9287 2021-08-13T16:04:15.2 smqueue.cpp:687:validate_short_msg: Param tag=OBTSprkqonpsjfstxruc
DEBUG 0:9287 2021-08-13T16:04:15.2 smqueue.cpp:689:validate_short_msg: Got from tag
DEBUG 0:9287 2021-08-13T16:04:15.2 smqueue.cpp:824:set_qtag: Param tag=OBTSprkqonpsjfstxruc
DEBUG 0:9287 2021-08-13T16:04:15.2 smqueue.cpp:826:set_qtag: Got from tag
INFO 0:9287 2021-08-13T16:04:15.2 smqueue.cpp:2461:main_loop: Got SMS 200 Response qtag '979532--OBTSprkqonpsjfstxruc for 
DEBUG 0:9287 2021-08-13T16:04:15.2 smqueue.h:719:set_state: Set state Current: No State Newstate: Initial State Timeout value 1
DEBUG 0:9287 2021-08-13T16:04:15.2 smqueue.cpp:2495:debug_dump: Dump message queue
DEBUG 0:9287 2021-08-13T16:04:15.2 smqueue.cpp:2500:debug_dump: === State: Initial State	0
MSG = SIP/2.0 200 OK
To: 10000000 <sip:10000000@127.0.0.1>
From: 10000001 <sip:10000001@127.0.0.1:5062>;tag=OBTSprkqonpsjfstxruc
Via: SIP/2.0/UDP 127.0.0.1:5063;branch=1;received=smqueue@Range.com,SIP/2.0/UDP 127.0.0.1:5062;branch=z9hG4bKOBTSspcfoeikkcwokstg
Call-ID: 4mnNq/
CSeq: 979532 MESSAGE
User-Agent: OpenBTS 5.0-master Build Date 2019-06-03T12:03:03
Content-Length: 0

DEBUG 0:9287 2021-08-13T16:04:15.2 smqueue.cpp:2500:debug_dump: === State: Asked for Message Delivery	12217
MSG = MESSAGE sip:IMSI001012333333333@127.0.0.1:5062 SIP/2.0
Via: SIP/2.0/UDP 127.0.0.1:5063;branch=1;received=smqueue@Range.com
Via: SIP/2.0/UDP 127.0.0.1:5062;branch=z9hG4bKOBTSspcfoeikkcwokstg
From: 10000001 <sip:10000001@127.0.0.1:5062>;tag=OBTSprkqonpsjfstxruc
To: 10000000 <sip:10000000@127.0.0.1>
Call-ID: 4mnNq/
CSeq: 979532 MESSAGE
Contact: <sip:IMSI001010123456780@127.0.0.1:5062>;expires=3600
Content-Type: application/vnd.3gpp.sms
Max-forwards: 70
P-preferred-identity: <sip:IMSI001010123456780@127.0.0.1>
User-agent: OpenBTS 5.0-master Build Date 2019-06-03T12:03:03
Content-Length:    56

015503A1000000140408A1010000100000128031614021230348361B
DEBUG 0:9287 2021-08-13T16:04:15.2 SmqMessageHandler.cpp:260:ProcessReceivedMsg: Signal writer thread ProcessReceivedMsg
DEBUG 0:9287 2021-08-13T16:04:15.2 SmqMessageHandler.cpp:251:queue_respond_sip_ack: Send SIP ACK queue request
DEBUG 0:9287 2021-08-13T16:04:15.2 smnet.cpp:203:get_next_dgram: Try to load datagram tmo 60000 socket fd 24
DEBUG 0:9288 2021-08-13T16:04:15.2 QueuedMsgHdrs.h:179:ProcessMessage: Process message ProcessIncommingMsg
DEBUG 0:9288 2021-08-13T16:04:15.2 smqueue.cpp:1005:process_timeout: Process message from SMS queue size: 2
INFO 0:9288 2021-08-13T16:04:15.2 smqueue.cpp:1017:process_timeout: === Aug 13 16:04:15 2 queued; Initial State for 979532--OBTSprkqonpsjfstxruc
DEBUG 0:9288 2021-08-13T16:04:15.2 smqueue.cpp:1023:process_timeout: Processing message in queue, state Initial State
NOTICE 0:9288 2021-08-13T16:04:15.2 smqueue.cpp:318:handle_response: Got 200 response for sent msg '979532--OBTSprkqonpsjfstxruc' in state 12
INFO 0:9288 2021-08-13T16:04:15.2 ../SR/SubscriberRegistry.cpp:607:getIMSI2: getIMSI2(10000001)
INFO 0:9288 2021-08-13T16:04:15.2 ../SR/SubscriberRegistry.cpp:462:sqlLocal: select dial from dialdata_table where exten IN ('10000001', '+10000001')
INFO 0:9288 2021-08-13T16:04:15.2 ../SR/SubscriberRegistry.cpp:527:sqlQuery2: result = IMSI001010123456780
INFO 0:9288 2021-08-13T16:04:15.2 smqueue.cpp:385:handle_response: Deleting sent message.
DEBUG 0:9288 2021-08-13T16:04:15.2 QueuedMsgHdrs.h:124:ProcessMessage: Process message SIPAckMessage
DEBUG 0:9288 2021-08-13T16:04:15.2 smqueue.cpp:2186:respond_sip_ack: Send SIP ACK message
DEBUG 0:9288 2021-08-13T16:04:15.2 smqueue.cpp:2193:respond_sip_ack: Short message parse returned success
DEBUG 0:9288 2021-08-13T16:04:15.2 smqueue.cpp:2195:respond_sip_ack: Ignore response message
DEBUG 0:9287 2021-08-13T16:04:21.3 smqueue.cpp:2413:main_loop: Got incoming datagram length 581
DEBUG 0:9287 2021-08-13T16:04:21.3 smqueue.h:340:parse: SMS message encoded 3GPP
DEBUG 0:9287 2021-08-13T16:04:21.3 SMSMessages.cpp:93:decodeRPData:  datalen=56 encoding=hex
DEBUG 0:9287 2021-08-13T16:04:21.3 SMSMessages.cpp:108:decodeRPData: SMS RPDU: primitive=undefined  data=(0011000291f7150137098121436587f900000a48325e8d17e3c57831)
DEBUG 0:9287 2021-08-13T16:04:21.3 GSML3CCElements.cpp:108:parseV: L3CalledPartyBCDNumber::parseV rp=32 expLen=2
DEBUG 0:9287 2021-08-13T16:04:21.3 GSML3CCElements.cpp:33:parse: parse international 1
DEBUG 0:9287 2021-08-13T16:04:21.3 SMSMessages.cpp:286:parseV: src=primitive=DATA raw=(0011000291f7150137098121436587f900000a48325e8d17e3c57831) (length=28) rp=56 expectedLength=21
DEBUG 0:9287 2021-08-13T16:04:21.3 SMSMessages.cpp:292:parseV: mTPDU length=21data=primitive=undefined  data=(040404045ffd00b1675a9c61bbaaaa0967f7149193)
DEBUG 0:9287 2021-08-13T16:04:21.3 SMSMessages.cpp:114:decodeRPData: SMS RP-DATA 0 ref=17 origSMSC=(type=unknown plan=unknown digits=) destSMSC=(type=international plan=E.164/ISDN digits=+7) TPDU=(primitive=undefined  data=(0137098121436587f900000a48325e8d17e3c57831))
DEBUG 0:9287 2021-08-13T16:04:21.3 SMSMessages.cpp:173:parseTPDU: SMS: parseTPDU MTI=1
DEBUG 0:9287 2021-08-13T16:04:21.3 GSML3CCElements.cpp:33:parse: parse international 0
DEBUG 0:9287 2021-08-13T16:04:21.3 SMSMessages.cpp:474:parse: SMS: TLValidityPeriod::parse VPF=0
DEBUG 0:9287 2021-08-13T16:04:21.3 SMSMessages.cpp:505:parse: SMS: no validity period, assuming 1 week
INFO 0:9287 2021-08-13T16:04:21.3 SMSMessages.cpp:184:parseTPDU: SMS SMS-SUBMIT MTI=1 RD=0 VPF=0 RP=0 UDHI=0 SRR=0 MR=55 DA=(type=unknown plan=E.164/ISDN digits=123456789) PI=0 DCS=0 VP=(expiration=(2021-08-20T16:04:21)) UD="DCS=0 UDHI=0 UDLength=10 UD=(124c7ab1e8c7a31e8c)"
DEBUG 0:9287 2021-08-13T16:04:21.3 smqueue.cpp:687:validate_short_msg: Param tag=OBTSfbqealxlzlmkqowh
DEBUG 0:9287 2021-08-13T16:04:21.3 smqueue.cpp:689:validate_short_msg: Got from tag
DEBUG 0:9287 2021-08-13T16:04:21.3 smnet.cpp:450:msg_is_from_relay: Source addr: 127.0.0.1:5062
DEBUG 0:9287 2021-08-13T16:04:21.3 smqueue.cpp:824:set_qtag: Param tag=OBTSfbqealxlzlmkqowh
DEBUG 0:9287 2021-08-13T16:04:21.3 smqueue.cpp:826:set_qtag: Got from tag
NOTICE 0:9287 2021-08-13T16:04:21.3 smqueue.cpp:2455:main_loop: Got SMS rqst qtag '979534--OBTSfbqealxlzlmkqowh' from IMSI001010123456780 for smsc
DEBUG 0:9287 2021-08-13T16:04:21.3 smqueue.h:719:set_state: Set state Current: No State Newstate: Initial State Timeout value 1
DEBUG 0:9287 2021-08-13T16:04:21.3 smqueue.cpp:2495:debug_dump: Dump message queue
DEBUG 0:9287 2021-08-13T16:04:21.3 smqueue.cpp:2500:debug_dump: === State: Initial State	0
MSG = MESSAGE sip:smsc@127.0.0.1:5063 SIP/2.0
To:  <sip:smsc@127.0.0.1>
From:  <sip:IMSI001010123456780@127.0.0.1:5062>;tag=OBTSfbqealxlzlmkqowh
Via: SIP/2.0/UDP 127.0.0.1:5062;branch=z9hG4bKOBTSlhgqugxorrhqrrwe
Call-ID: 27855f65744e8b09
CSeq: 979534 MESSAGE
Contact: <sip:IMSI001010123456780@127.0.0.1:5062>;expires=3600
Max-Forwards: 70
P-Preferred-Identity: <sip:IMSI001010123456780@127.0.0.1>
User-Agent: OpenBTS 5.0-master Build Date 2019-06-03T12:03:03
Content-Type: application/vnd.3gpp.sms
Content-Length: 56

0011000291f7150137098121436587f900000a48325e8d17e3c57831
DEBUG 0:9287 2021-08-13T16:04:21.3 SmqMessageHandler.cpp:260:ProcessReceivedMsg: Signal writer thread ProcessReceivedMsg
DEBUG 0:9287 2021-08-13T16:04:21.3 SmqMessageHandler.cpp:251:queue_respond_sip_ack: Send SIP ACK queue request
DEBUG 0:9288 2021-08-13T16:04:21.3 QueuedMsgHdrs.h:179:ProcessMessage: Process message ProcessIncommingMsg
DEBUG 0:9287 2021-08-13T16:04:21.3 smnet.cpp:203:get_next_dgram: Try to load datagram tmo 60000 socket fd 24
DEBUG 0:9288 2021-08-13T16:04:21.3 smqueue.cpp:1005:process_timeout: Process message from SMS queue size: 1
INFO 0:9288 2021-08-13T16:04:21.3 smqueue.cpp:1017:process_timeout: === Aug 13 16:04:21 1 queued; Initial State for 979534--OBTSfbqealxlzlmkqowh
DEBUG 0:9288 2021-08-13T16:04:21.3 smqueue.cpp:1023:process_timeout: Processing message in queue, state Initial State
DEBUG 0:9288 2021-08-13T16:04:21.3 smqueue.h:482:get_text: Trying to decode message MS->SC MTI=1 tl_message: MTI=1 RD=0 VPF=0 RP=0 UDHI=0 SRR=0 MR=55 DA=(type=unknown plan=E.164/ISDN digits=123456789) PI=0 DCS=0 VP=(expiration=(2021-08-20T16:04:21)) UD="DCS=0 UDHI=0 UDLength=10 UD=(124c7ab1e8c7a31e8c)"
NOTICE 0:9288 2021-08-13T16:04:21.3 smqueue.h:505:get_text: Decoded text: Hdxjxbxbxb
INFO 0:9288 2021-08-13T16:04:21.3 smqueue.cpp:1778:handle_short_code: Short-code SMS smsc with text "Hdxjxbxbxb"
INFO 0:9288 2021-08-13T16:04:21.3 smsc.cpp:295:submitSMS: from IMSI001010123456780 message: MTI=1 RD=0 VPF=0 RP=0 UDHI=0 SRR=0 MR=55 DA=(type=unknown plan=E.164/ISDN digits=123456789) PI=0 DCS=0 VP=(expiration=(2021-08-20T16:04:21)) UD="DCS=0 UDHI=0 UDLength=10 UD=(124c7ab1e8c7a31e8c)"
INFO 0:9288 2021-08-13T16:04:21.3 ../SR/SubscriberRegistry.cpp:607:getIMSI2: getIMSI2(123456789)
INFO 0:9288 2021-08-13T16:04:21.3 ../SR/SubscriberRegistry.cpp:462:sqlLocal: select dial from dialdata_table where exten IN ('123456789', '+123456789')
INFO 0:9288 2021-08-13T16:04:21.3 ../SR/SubscriberRegistry.cpp:531:sqlQuery2: not found: select dial from dialdata_table where exten IN ('123456789', '+123456789')
INFO 0:9288 2021-08-13T16:04:21.3 smsc.cpp:117:sendSIP_init: from IMSI001010123456780 to 123456789
DEBUG 0:9288 2021-08-13T16:04:21.3 smqueue.cpp:1056:process_timeout: State from handle_short_code Initial State
DEBUG 0:9288 2021-08-13T16:04:21.3 smqueue.h:719:set_state: Set state Current: Initial State Newstate: Initial State Timeout value 0
DEBUG 0:9288 2021-08-13T16:04:21.3 QueuedMsgHdrs.h:124:ProcessMessage: Process message SIPAckMessage
DEBUG 0:9288 2021-08-13T16:04:21.3 smqueue.cpp:2186:respond_sip_ack: Send SIP ACK message
DEBUG 0:9288 2021-08-13T16:04:21.3 smqueue.cpp:2193:respond_sip_ack: Short message parse returned success
INFO 0:9288 2021-08-13T16:04:21.3 smqueue.cpp:2243:respond_sip_ack: Responding with "202 Queued".
DEBUG 0:9288 2021-08-13T16:04:21.5 smqueue.cpp:1005:process_timeout: Process message from SMS queue size: 1
INFO 0:9288 2021-08-13T16:04:21.5 smqueue.cpp:1017:process_timeout: === Aug 13 16:04:21 1 queued; Initial State for 979534--OBTSfbqealxlzlmkqowh
DEBUG 0:9288 2021-08-13T16:04:21.5 smqueue.cpp:1023:process_timeout: Processing message in queue, state Initial State
DEBUG 0:9288 2021-08-13T16:04:21.5 smqueue.cpp:1056:process_timeout: State from handle_short_code Initial State
DEBUG 0:9288 2021-08-13T16:04:21.5 smqueue.h:719:set_state: Set state Current: Initial State Newstate: Request From-Address Lookup Timeout value 3000000
DEBUG 0:9288 2021-08-13T16:04:21.7 smqueue.cpp:1005:process_timeout: Process message from SMS queue size: 1
INFO 0:9288 2021-08-13T16:04:21.7 smqueue.cpp:1017:process_timeout: === Aug 13 16:04:21 1 queued; Request From-Address Lookup for 979534--OBTSfbqealxlzlmkqowh
DEBUG 0:9288 2021-08-13T16:04:21.7 smqueue.cpp:1023:process_timeout: Processing message in queue, state Request From-Address Lookup
INFO 0:9288 2021-08-13T16:04:21.7 ../SR/SubscriberRegistry.cpp:630:getCLIDLocal: getCLIDLocal(IMSI001010123456780)
INFO 0:9288 2021-08-13T16:04:21.7 ../SR/SubscriberRegistry.cpp:462:sqlLocal: select callerid from sip_buddies where username = "IMSI001010123456780"
INFO 0:9288 2021-08-13T16:04:21.7 ../SR/SubscriberRegistry.cpp:501:sqlQuery: result = 10000001
DEBUG 0:9288 2021-08-13T16:04:21.7 smqueue.h:719:set_state: Set state Current: Request From-Address Lookup Newstate: Request Destination IMSI Timeout value 0
DEBUG 0:9288 2021-08-13T16:04:21.9 smqueue.cpp:1005:process_timeout: Process message from SMS queue size: 1
INFO 0:9288 2021-08-13T16:04:21.9 smqueue.cpp:1017:process_timeout: === Aug 13 16:04:21 1 queued; Request Destination IMSI for 979534--OBTSfbqealxlzlmkqowh
DEBUG 0:9288 2021-08-13T16:04:21.9 smqueue.cpp:1023:process_timeout: Processing message in queue, state Request Destination IMSI
INFO 0:9288 2021-08-13T16:04:21.9 ../SR/SubscriberRegistry.cpp:607:getIMSI2: getIMSI2(123456789)
INFO 0:9288 2021-08-13T16:04:21.9 ../SR/SubscriberRegistry.cpp:462:sqlLocal: select dial from dialdata_table where exten IN ('123456789', '+123456789')
INFO 0:9288 2021-08-13T16:04:21.9 ../SR/SubscriberRegistry.cpp:531:sqlQuery2: not found: select dial from dialdata_table where exten IN ('123456789', '+123456789')
NOTICE 0:9288 2021-08-13T16:04:21.9 smqueue.cpp:2076:lookup_uri_imsi: Lookup phonenum '123456789' to IMSI failed
DEBUG 0:9288 2021-08-13T16:04:21.9 smqueue.cpp:2077:lookup_uri_imsi: MSG = MESSAGE sip:smsc@127.0.0.1:5063 SIP/2.0
To:  <sip:smsc@127.0.0.1>
From:  <sip:IMSI001010123456780@127.0.0.1:5062>;tag=OBTSfbqealxlzlmkqowh
Via: SIP/2.0/UDP 127.0.0.1:5062;branch=z9hG4bKOBTSlhgqugxorrhqrrwe
Call-ID: 27855f65744e8b09
CSeq: 979534 MESSAGE
Contact: <sip:IMSI001010123456780@127.0.0.1:5062>;expires=3600
Max-Forwards: 70
P-Preferred-Identity: <sip:IMSI001010123456780@127.0.0.1>
User-Agent: OpenBTS 5.0-master Build Date 2019-06-03T12:03:03
Content-Type: application/vnd.3gpp.sms
Content-Length: 56

0011000291f7150137098121436587f900000a48325e8d17e3c57831
WARNING 0:9288 2021-08-13T16:04:21.9 smqueue.cpp:2084:lookup_uri_imsi: no global relay defined; bouncing message intended for 123456789
DEBUG 0:9288 2021-08-13T16:04:21.9 smqueue.h:482:get_text: Trying to decode message MS->SC MTI=1 tl_message: MTI=1 RD=0 VPF=0 RP=0 UDHI=0 SRR=0 MR=55 DA=(type=unknown plan=E.164/ISDN digits=123456789) PI=0 DCS=0 VP=(expiration=(2021-08-20T16:04:21)) UD="DCS=0 UDHI=0 UDLength=10 UD=(124c7ab1e8c7a31e8c)"
NOTICE 0:9288 2021-08-13T16:04:21.9 smqueue.h:505:get_text: Decoded text: Hdxjxbxbxb
NOTICE 0:9288 2021-08-13T16:04:21.9 smqueue.cpp:1524:bounce_message: Bouncing 979534--OBTSfbqealxlzlmkqowh from 10000001 to 123456789: Phone not registered here.
DEBUG 0:9288 2021-08-13T16:04:21.9 smqueue.cpp:824:set_qtag: Param tag=15766
DEBUG 0:9288 2021-08-13T16:04:21.9 smqueue.cpp:826:set_qtag: Got from tag
DEBUG 0:9288 2021-08-13T16:04:21.9 smqueue.cpp:687:validate_short_msg: Param tag=15766
DEBUG 0:9288 2021-08-13T16:04:21.9 smqueue.cpp:689:validate_short_msg: Got from tag
DEBUG 0:9288 2021-08-13T16:04:21.9 smqueue.cpp:824:set_qtag: Param tag=15766
DEBUG 0:9288 2021-08-13T16:04:21.9 smqueue.cpp:826:set_qtag: Got from tag
DEBUG 0:9288 2021-08-13T16:04:21.9 smqueue.h:1124:insert_new_message: Insert message into queue 2
DEBUG 0:9288 2021-08-13T16:04:21.9 smqueue.h:719:set_state: Set state Current: No State Newstate: Request Destination IMSI Timeout value 0
DEBUG 0:9288 2021-08-13T16:04:21.9 smqueue.cpp:2495:debug_dump: Dump message queue
DEBUG 0:9288 2021-08-13T16:04:21.9 smqueue.cpp:2500:debug_dump: === State: Request Destination IMSI	0
MSG = MESSAGE sip:10000001@127.0.0.1:5062 SIP/2.0
Via: SIP/2.0/UDP 127.0.0.1:5063;branch=1;received=smqueue@Range.com
From: 101 <sip:101@127.0.0.1>;tag=15766
To: <sip:10000001@127.0.0.1>
Call-ID: M3Nmm@127.0.0.1
CSeq: 15766 MESSAGE
Content-Type: text/plain
Content-Length:    72

Can't send your SMS to 123456789: Phone not registered here.: Hdxjxbxbxb
DEBUG 0:9288 2021-08-13T16:04:21.9 smqueue.cpp:2500:debug_dump: === State: Request Destination IMSI	-201
MSG = MESSAGE sip:123456789@127.0.0.1:5063 SIP/2.0
Via: SIP/2.0/UDP 127.0.0.1:5063;branch=1;received=smqueue@Range.com
Via: SIP/2.0/UDP 127.0.0.1:5062;branch=z9hG4bKOBTSlhgqugxorrhqrrwe
From: 10000001 <sip:10000001@127.0.0.1:5062>;tag=OBTSfbqealxlzlmkqowh
To: 123456789 <sip:123456789@127.0.0.1>
Call-ID: 27855f65744e8b09
CSeq: 979534 MESSAGE
Contact: <sip:IMSI001010123456780@127.0.0.1:5062>;expires=3600
Content-Type: application/vnd.3gpp.sms
Max-forwards: 70
P-preferred-identity: <sip:IMSI001010123456780@127.0.0.1>
User-agent: OpenBTS 5.0-master Build Date 2019-06-03T12:03:03
Content-Length:    56

0011000291f7150137098121436587f900000a48325e8d17e3c57831
DEBUG 0:9288 2021-08-13T16:04:21.9 SmqMessageHandler.cpp:260:ProcessReceivedMsg: Signal writer thread ProcessReceivedMsg
DEBUG 0:9288 2021-08-13T16:04:21.9 smqueue.h:719:set_state: Set state Current: Request Destination IMSI Newstate: Delete Me Timeout value 0
DEBUG 0:9288 2021-08-13T16:04:21.9 QueuedMsgHdrs.h:179:ProcessMessage: Process message ProcessIncommingMsg
DEBUG 0:9288 2021-08-13T16:04:21.9 smqueue.cpp:1005:process_timeout: Process message from SMS queue size: 2
INFO 0:9288 2021-08-13T16:04:21.9 smqueue.cpp:1017:process_timeout: === Aug 13 16:04:21 2 queued; Request Destination IMSI for 15766--15766
DEBUG 0:9288 2021-08-13T16:04:21.9 smqueue.cpp:1023:process_timeout: Processing message in queue, state Request Destination IMSI
INFO 0:9288 2021-08-13T16:04:21.9 ../SR/SubscriberRegistry.cpp:607:getIMSI2: getIMSI2(10000001)
INFO 0:9288 2021-08-13T16:04:21.9 ../SR/SubscriberRegistry.cpp:462:sqlLocal: select dial from dialdata_table where exten IN ('10000001', '+10000001')
INFO 0:9288 2021-08-13T16:04:21.9 ../SR/SubscriberRegistry.cpp:527:sqlQuery2: result = IMSI001010123456780
DEBUG 0:9288 2021-08-13T16:04:21.9 smqueue.h:719:set_state: Set state Current: Request Destination IMSI Newstate: Request Destination SIP URL Timeout value 3000000
DEBUG 0:9288 2021-08-13T16:04:22.1 smqueue.cpp:1005:process_timeout: Process message from SMS queue size: 2
INFO 0:9288 2021-08-13T16:04:22.1 smqueue.cpp:1017:process_timeout: === Aug 13 16:04:22 2 queued; Request Destination SIP URL for 15766--15766
DEBUG 0:9288 2021-08-13T16:04:22.1 smqueue.cpp:1023:process_timeout: Processing message in queue, state Request Destination SIP URL
DEBUG 0:9288 2021-08-13T16:04:22.1 smqueue.cpp:2283:lookup_uri_hostport: We have an IMSI: IMSI001010123456780
INFO 0:9288 2021-08-13T16:04:22.1 ../SR/SubscriberRegistry.cpp:654:getRegistrationIP: getRegistrationIP(IMSI001010123456780)
INFO 0:9288 2021-08-13T16:04:22.1 ../SR/SubscriberRegistry.cpp:462:sqlLocal: select ipaddr from sip_buddies where username = "IMSI001010123456780"
INFO 0:9288 2021-08-13T16:04:22.1 ../SR/SubscriberRegistry.cpp:501:sqlQuery: result = 127.0.0.1
DEBUG 0:9288 2021-08-13T16:04:22.1 smqueue.cpp:2288:lookup_uri_hostport: We are going to try to send to 127.0.0.1 on 
DEBUG 0:9288 2021-08-13T16:04:22.1 smqueue.cpp:2308:lookup_uri_hostport: We will send to 127.0.0.1 on 5062
DEBUG 0:9288 2021-08-13T16:04:22.1 smqueue.cpp:824:set_qtag: Param tag=15766
DEBUG 0:9288 2021-08-13T16:04:22.1 smqueue.cpp:826:set_qtag: Got from tag
DEBUG 0:9288 2021-08-13T16:04:22.1 smqueue.h:719:set_state: Set state Current: Request Destination SIP URL Newstate: Request Message Delivery Timeout value 0
DEBUG 0:9288 2021-08-13T16:04:22.3 smqueue.cpp:1005:process_timeout: Process message from SMS queue size: 2
INFO 0:9288 2021-08-13T16:04:22.3 smqueue.cpp:1017:process_timeout: === Aug 13 16:04:22 2 queued; Delete Me for 979534--OBTSfbqealxlzlmkqowh
DEBUG 0:9288 2021-08-13T16:04:22.3 smqueue.cpp:1023:process_timeout: Processing message in queue, state Delete Me
DEBUG 0:9288 2021-08-13T16:04:22.5 smqueue.cpp:1005:process_timeout: Process message from SMS queue size: 1
INFO 0:9288 2021-08-13T16:04:22.5 smqueue.cpp:1017:process_timeout: === Aug 13 16:04:22 1 queued; Request Message Delivery for 15766--15766
DEBUG 0:9288 2021-08-13T16:04:22.5 smqueue.cpp:1023:process_timeout: Processing message in queue, state Request Message Delivery
DEBUG 0:9288 2021-08-13T16:04:22.5 smqueue.cpp:1126:process_timeout: In delivery action time 1628841862196
INFO 0:9288 2021-08-13T16:04:22.5 smqueue.cpp:1150:process_timeout: MaxRetries: trying attempt #1
INFO 0:9288 2021-08-13T16:04:22.5 smqueue.cpp:1169:process_timeout: Delivering '15766--15766' from 101 at 127.0.0.1:5062.
DEBUG 0:9288 2021-08-13T16:04:22.5 smqueue.cpp:1179:process_timeout: Before deliver set state action time 1628841862196
DEBUG 0:9288 2021-08-13T16:04:22.5 smnet.cpp:110:deliver_msg_datagram: 
--Deliver message:
DEBUG 0:9288 2021-08-13T16:04:22.5 smnet.cpp:111:deliver_msg_datagram: MESSAGE sip:IMSI001010123456780@127.0.0.1:5062 SIP/2.0
Via: SIP/2.0/UDP 127.0.0.1:5063;branch=1;received=smqueue@Range.com
From: 101 <sip:101@127.0.0.1>;tag=15766
To: <sip:10000001@127.0.0.1>
Call-ID: PIyGF/@127.0.0.1
CSeq: 15766 MESSAGE
Content-Type: text/plain
Content-Length:    72

Can't send your SMS to 123456789: Phone not registered here.: Hdxjxbxbxb
DEBUG 0:9288 2021-08-13T16:04:22.5 smqueue.h:719:set_state: Set state Current: Request Message Delivery Newstate: Asked for Message Delivery Timeout value 3000000
DEBUG 0:9288 2021-08-13T16:04:22.5 smqueue.cpp:1185:process_timeout: After deliver set state action time 1628841877596
DEBUG 0:9287 2021-08-13T16:04:25.1 smqueue.cpp:2413:main_loop: Got incoming datagram length 288
DEBUG 0:9287 2021-08-13T16:04:25.1 smqueue.h:326:parse: SMS content not set continue anyway??
DEBUG 0:9287 2021-08-13T16:04:25.1 smqueue.cpp:687:validate_short_msg: Param tag=15766
DEBUG 0:9287 2021-08-13T16:04:25.1 smqueue.cpp:689:validate_short_msg: Got from tag
DEBUG 0:9287 2021-08-13T16:04:25.1 smqueue.cpp:824:set_qtag: Param tag=15766
DEBUG 0:9287 2021-08-13T16:04:25.1 smqueue.cpp:826:set_qtag: Got from tag
INFO 0:9287 2021-08-13T16:04:25.1 smqueue.cpp:2461:main_loop: Got SMS 200 Response qtag '15766--15766 for 
DEBUG 0:9287 2021-08-13T16:04:25.1 smqueue.h:719:set_state: Set state Current: No State Newstate: Initial State Timeout value 1
DEBUG 0:9287 2021-08-13T16:04:25.1 smqueue.cpp:2495:debug_dump: Dump message queue
DEBUG 0:9287 2021-08-13T16:04:25.1 smqueue.cpp:2500:debug_dump: === State: Initial State	0
MSG = SIP/2.0 200 OK
To: <sip:10000001@127.0.0.1>
From: 101 <sip:101@127.0.0.1>;tag=15766
Via: SIP/2.0/UDP 127.0.0.1:5063;branch=1;received=smqueue@Range.com
Call-ID: PIyGF/@127.0.0.1
CSeq: 15766 MESSAGE
User-Agent: OpenBTS 5.0-master Build Date 2019-06-03T12:03:03
Content-Length: 0

DEBUG 0:9287 2021-08-13T16:04:25.1 smqueue.cpp:2500:debug_dump: === State: Asked for Message Delivery	12440
MSG = MESSAGE sip:IMSI001010123456780@127.0.0.1:5062 SIP/2.0
Via: SIP/2.0/UDP 127.0.0.1:5063;branch=1;received=smqueue@Range.com
From: 101 <sip:101@127.0.0.1>;tag=15766
To: <sip:10000001@127.0.0.1>
Call-ID: PIyGF/@127.0.0.1
CSeq: 15766 MESSAGE
Content-Type: text/plain
Content-Length:    72

Can't send your SMS to 123456789: Phone not registered here.: Hdxjxbxbxb
DEBUG 0:9287 2021-08-13T16:04:25.1 SmqMessageHandler.cpp:260:ProcessReceivedMsg: Signal writer thread ProcessReceivedMsg
DEBUG 0:9287 2021-08-13T16:04:25.1 SmqMessageHandler.cpp:251:queue_respond_sip_ack: Send SIP ACK queue request
DEBUG 0:9287 2021-08-13T16:04:25.1 smnet.cpp:203:get_next_dgram: Try to load datagram tmo 60000 socket fd 24
DEBUG 0:9288 2021-08-13T16:04:25.1 QueuedMsgHdrs.h:179:ProcessMessage: Process message ProcessIncommingMsg
DEBUG 0:9288 2021-08-13T16:04:25.1 smqueue.cpp:1005:process_timeout: Process message from SMS queue size: 2
INFO 0:9288 2021-08-13T16:04:25.1 smqueue.cpp:1017:process_timeout: === Aug 13 16:04:25 2 queued; Initial State for 15766--15766
DEBUG 0:9288 2021-08-13T16:04:25.1 smqueue.cpp:1023:process_timeout: Processing message in queue, state Initial State
NOTICE 0:9288 2021-08-13T16:04:25.1 smqueue.cpp:318:handle_response: Got 200 response for sent msg '15766--15766' in state 12
INFO 0:9288 2021-08-13T16:04:25.1 ../SR/SubscriberRegistry.cpp:607:getIMSI2: getIMSI2(101)
INFO 0:9288 2021-08-13T16:04:25.1 ../SR/SubscriberRegistry.cpp:462:sqlLocal: select dial from dialdata_table where exten IN ('101', '+101')
INFO 0:9288 2021-08-13T16:04:25.1 ../SR/SubscriberRegistry.cpp:531:sqlQuery2: not found: select dial from dialdata_table where exten IN ('101', '+101')
INFO 0:9288 2021-08-13T16:04:25.1 smqueue.cpp:385:handle_response: Deleting sent message.
DEBUG 0:9288 2021-08-13T16:04:25.1 QueuedMsgHdrs.h:124:ProcessMessage: Process message SIPAckMessage
DEBUG 0:9288 2021-08-13T16:04:25.1 smqueue.cpp:2186:respond_sip_ack: Send SIP ACK message
DEBUG 0:9288 2021-08-13T16:04:25.1 smqueue.cpp:2193:respond_sip_ack: Short message parse returned success
DEBUG 0:9288 2021-08-13T16:04:25.1 smqueue.cpp:2195:respond_sip_ack: Ignore response message
DEBUG 0:9287 2021-08-13T16:04:26.3 smqueue.cpp:2413:main_loop: Got incoming datagram length 572
DEBUG 0:9287 2021-08-13T16:04:26.3 smqueue.h:340:parse: SMS message encoded 3GPP
DEBUG 0:9287 2021-08-13T16:04:26.3 SMSMessages.cpp:93:decodeRPData:  datalen=48 encoding=hex
DEBUG 0:9287 2021-08-13T16:04:26.3 SMSMessages.cpp:108:decodeRPData: SMS RPDU: primitive=undefined  data=(0012000291f7110138098121436587f9000005d57abd5e07)
DEBUG 0:9287 2021-08-13T16:04:26.3 GSML3CCElements.cpp:108:parseV: L3CalledPartyBCDNumber::parseV rp=32 expLen=2
DEBUG 0:9287 2021-08-13T16:04:26.3 GSML3CCElements.cpp:33:parse: parse international 1
DEBUG 0:9287 2021-08-13T16:04:26.3 SMSMessages.cpp:286:parseV: src=primitive=DATA raw=(0012000291f7110138098121436587f9000005d57abd5e07) (length=24) rp=56 expectedLength=17
DEBUG 0:9287 2021-08-13T16:04:26.3 SMSMessages.cpp:292:parseV: mTPDU length=17data=primitive=undefined  data=(0404ce805dee51962d25a580040404d400)
DEBUG 0:9287 2021-08-13T16:04:26.3 SMSMessages.cpp:114:decodeRPData: SMS RP-DATA 0 ref=18 origSMSC=(type=unknown plan=unknown digits=) destSMSC=(type=international plan=E.164/ISDN digits=+7) TPDU=(primitive=undefined  data=(0138098121436587f9000005d57abd5e07))
DEBUG 0:9287 2021-08-13T16:04:26.3 SMSMessages.cpp:173:parseTPDU: SMS: parseTPDU MTI=1
DEBUG 0:9287 2021-08-13T16:04:26.3 GSML3CCElements.cpp:33:parse: parse international 0
DEBUG 0:9287 2021-08-13T16:04:26.3 SMSMessages.cpp:474:parse: SMS: TLValidityPeriod::parse VPF=0
DEBUG 0:9287 2021-08-13T16:04:26.3 SMSMessages.cpp:505:parse: SMS: no validity period, assuming 1 week
INFO 0:9287 2021-08-13T16:04:26.3 SMSMessages.cpp:184:parseTPDU: SMS SMS-SUBMIT MTI=1 RD=0 VPF=0 RP=0 UDHI=0 SRR=0 MR=56 DA=(type=unknown plan=E.164/ISDN digits=123456789) PI=0 DCS=0 VP=(expiration=(2021-08-20T16:04:26)) UD="DCS=0 UDHI=0 UDLength=5 UD=(ab5ebd7ae0)"
DEBUG 0:9287 2021-08-13T16:04:26.3 smqueue.cpp:687:validate_short_msg: Param tag=OBTSyvgfdlvlpfszinsh
DEBUG 0:9287 2021-08-13T16:04:26.3 smqueue.cpp:689:validate_short_msg: Got from tag
DEBUG 0:9287 2021-08-13T16:04:26.3 smnet.cpp:450:msg_is_from_relay: Source addr: 127.0.0.1:5062
DEBUG 0:9287 2021-08-13T16:04:26.3 smqueue.cpp:824:set_qtag: Param tag=OBTSyvgfdlvlpfszinsh
DEBUG 0:9287 2021-08-13T16:04:26.3 smqueue.cpp:826:set_qtag: Got from tag
NOTICE 0:9287 2021-08-13T16:04:26.3 smqueue.cpp:2455:main_loop: Got SMS rqst qtag '979536--OBTSyvgfdlvlpfszinsh' from IMSI001010123456780 for smsc
DEBUG 0:9287 2021-08-13T16:04:26.3 smqueue.h:719:set_state: Set state Current: No State Newstate: Initial State Timeout value 1
DEBUG 0:9287 2021-08-13T16:04:26.3 smqueue.cpp:2495:debug_dump: Dump message queue
DEBUG 0:9287 2021-08-13T16:04:26.3 smqueue.cpp:2500:debug_dump: === State: Initial State	0
MSG = MESSAGE sip:smsc@127.0.0.1:5063 SIP/2.0
To:  <sip:smsc@127.0.0.1>
From:  <sip:IMSI001010123456780@127.0.0.1:5062>;tag=OBTSyvgfdlvlpfszinsh
Via: SIP/2.0/UDP 127.0.0.1:5062;branch=z9hG4bKOBTSjnncgsommmiyveff
Call-ID: 278a518b307d21b
CSeq: 979536 MESSAGE
Contact: <sip:IMSI001010123456780@127.0.0.1:5062>;expires=3600
Max-Forwards: 70
P-Preferred-Identity: <sip:IMSI001010123456780@127.0.0.1>
User-Agent: OpenBTS 5.0-master Build Date 2019-06-03T12:03:03
Content-Type: application/vnd.3gpp.sms
Content-Length: 48

0012000291f7110138098121436587f9000005d57abd5e07
DEBUG 0:9287 2021-08-13T16:04:26.3 SmqMessageHandler.cpp:260:ProcessReceivedMsg: Signal writer thread ProcessReceivedMsg
DEBUG 0:9287 2021-08-13T16:04:26.3 SmqMessageHandler.cpp:251:queue_respond_sip_ack: Send SIP ACK queue request
DEBUG 0:9288 2021-08-13T16:04:26.3 QueuedMsgHdrs.h:179:ProcessMessage: Process message ProcessIncommingMsg
DEBUG 0:9287 2021-08-13T16:04:26.3 smnet.cpp:203:get_next_dgram: Try to load datagram tmo 60000 socket fd 24
DEBUG 0:9288 2021-08-13T16:04:26.3 smqueue.cpp:1005:process_timeout: Process message from SMS queue size: 1
INFO 0:9288 2021-08-13T16:04:26.3 smqueue.cpp:1017:process_timeout: === Aug 13 16:04:26 1 queued; Initial State for 979536--OBTSyvgfdlvlpfszinsh
DEBUG 0:9288 2021-08-13T16:04:26.3 smqueue.cpp:1023:process_timeout: Processing message in queue, state Initial State
DEBUG 0:9288 2021-08-13T16:04:26.3 smqueue.h:482:get_text: Trying to decode message MS->SC MTI=1 tl_message: MTI=1 RD=0 VPF=0 RP=0 UDHI=0 SRR=0 MR=56 DA=(type=unknown plan=E.164/ISDN digits=123456789) PI=0 DCS=0 VP=(expiration=(2021-08-20T16:04:26)) UD="DCS=0 UDHI=0 UDLength=5 UD=(ab5ebd7ae0)"
NOTICE 0:9288 2021-08-13T16:04:26.3 smqueue.h:505:get_text: Decoded text: Uuuuu
INFO 0:9288 2021-08-13T16:04:26.3 smqueue.cpp:1778:handle_short_code: Short-code SMS smsc with text "Uuuuu"
INFO 0:9288 2021-08-13T16:04:26.3 smsc.cpp:295:submitSMS: from IMSI001010123456780 message: MTI=1 RD=0 VPF=0 RP=0 UDHI=0 SRR=0 MR=56 DA=(type=unknown plan=E.164/ISDN digits=123456789) PI=0 DCS=0 VP=(expiration=(2021-08-20T16:04:26)) UD="DCS=0 UDHI=0 UDLength=5 UD=(ab5ebd7ae0)"
INFO 0:9288 2021-08-13T16:04:26.3 ../SR/SubscriberRegistry.cpp:607:getIMSI2: getIMSI2(123456789)
INFO 0:9288 2021-08-13T16:04:26.3 ../SR/SubscriberRegistry.cpp:462:sqlLocal: select dial from dialdata_table where exten IN ('123456789', '+123456789')
INFO 0:9288 2021-08-13T16:04:26.3 ../SR/SubscriberRegistry.cpp:531:sqlQuery2: not found: select dial from dialdata_table where exten IN ('123456789', '+123456789')
INFO 0:9288 2021-08-13T16:04:26.3 smsc.cpp:117:sendSIP_init: from IMSI001010123456780 to 123456789
DEBUG 0:9288 2021-08-13T16:04:26.3 smqueue.cpp:1056:process_timeout: State from handle_short_code Initial State
DEBUG 0:9288 2021-08-13T16:04:26.3 smqueue.h:719:set_state: Set state Current: Initial State Newstate: Initial State Timeout value 0
DEBUG 0:9288 2021-08-13T16:04:26.3 QueuedMsgHdrs.h:124:ProcessMessage: Process message SIPAckMessage
DEBUG 0:9288 2021-08-13T16:04:26.3 smqueue.cpp:2186:respond_sip_ack: Send SIP ACK message
DEBUG 0:9288 2021-08-13T16:04:26.3 smqueue.cpp:2193:respond_sip_ack: Short message parse returned success
INFO 0:9288 2021-08-13T16:04:26.3 smqueue.cpp:2243:respond_sip_ack: Responding with "202 Queued".
DEBUG 0:9288 2021-08-13T16:04:26.5 smqueue.cpp:1005:process_timeout: Process message from SMS queue size: 1
INFO 0:9288 2021-08-13T16:04:26.5 smqueue.cpp:1017:process_timeout: === Aug 13 16:04:26 1 queued; Initial State for 979536--OBTSyvgfdlvlpfszinsh
DEBUG 0:9288 2021-08-13T16:04:26.5 smqueue.cpp:1023:process_timeout: Processing message in queue, state Initial State
DEBUG 0:9288 2021-08-13T16:04:26.5 smqueue.cpp:1056:process_timeout: State from handle_short_code Initial State
DEBUG 0:9288 2021-08-13T16:04:26.5 smqueue.h:719:set_state: Set state Current: Initial State Newstate: Request From-Address Lookup Timeout value 3000000
DEBUG 0:9288 2021-08-13T16:04:26.7 smqueue.cpp:1005:process_timeout: Process message from SMS queue size: 1
INFO 0:9288 2021-08-13T16:04:26.7 smqueue.cpp:1017:process_timeout: === Aug 13 16:04:26 1 queued; Request From-Address Lookup for 979536--OBTSyvgfdlvlpfszinsh
DEBUG 0:9288 2021-08-13T16:04:26.7 smqueue.cpp:1023:process_timeout: Processing message in queue, state Request From-Address Lookup
INFO 0:9288 2021-08-13T16:04:26.7 ../SR/SubscriberRegistry.cpp:630:getCLIDLocal: getCLIDLocal(IMSI001010123456780)
INFO 0:9288 2021-08-13T16:04:26.7 ../SR/SubscriberRegistry.cpp:462:sqlLocal: select callerid from sip_buddies where username = "IMSI001010123456780"
INFO 0:9288 2021-08-13T16:04:26.7 ../SR/SubscriberRegistry.cpp:501:sqlQuery: result = 10000001
DEBUG 0:9288 2021-08-13T16:04:26.7 smqueue.h:719:set_state: Set state Current: Request From-Address Lookup Newstate: Request Destination IMSI Timeout value 0
DEBUG 0:9288 2021-08-13T16:04:26.9 smqueue.cpp:1005:process_timeout: Process message from SMS queue size: 1
INFO 0:9288 2021-08-13T16:04:26.9 smqueue.cpp:1017:process_timeout: === Aug 13 16:04:26 1 queued; Request Destination IMSI for 979536--OBTSyvgfdlvlpfszinsh
DEBUG 0:9288 2021-08-13T16:04:26.9 smqueue.cpp:1023:process_timeout: Processing message in queue, state Request Destination IMSI
INFO 0:9288 2021-08-13T16:04:26.9 ../SR/SubscriberRegistry.cpp:607:getIMSI2: getIMSI2(123456789)
INFO 0:9288 2021-08-13T16:04:26.9 ../SR/SubscriberRegistry.cpp:462:sqlLocal: select dial from dialdata_table where exten IN ('123456789', '+123456789')
INFO 0:9288 2021-08-13T16:04:26.9 ../SR/SubscriberRegistry.cpp:531:sqlQuery2: not found: select dial from dialdata_table where exten IN ('123456789', '+123456789')
NOTICE 0:9288 2021-08-13T16:04:26.9 smqueue.cpp:2076:lookup_uri_imsi: Lookup phonenum '123456789' to IMSI failed
DEBUG 0:9288 2021-08-13T16:04:26.9 smqueue.cpp:2077:lookup_uri_imsi: MSG = MESSAGE sip:smsc@127.0.0.1:5063 SIP/2.0
To:  <sip:smsc@127.0.0.1>
From:  <sip:IMSI001010123456780@127.0.0.1:5062>;tag=OBTSyvgfdlvlpfszinsh
Via: SIP/2.0/UDP 127.0.0.1:5062;branch=z9hG4bKOBTSjnncgsommmiyveff
Call-ID: 278a518b307d21b
CSeq: 979536 MESSAGE
Contact: <sip:IMSI001010123456780@127.0.0.1:5062>;expires=3600
Max-Forwards: 70
P-Preferred-Identity: <sip:IMSI001010123456780@127.0.0.1>
User-Agent: OpenBTS 5.0-master Build Date 2019-06-03T12:03:03
Content-Type: application/vnd.3gpp.sms
Content-Length: 48

0012000291f7110138098121436587f9000005d57abd5e07
WARNING 0:9288 2021-08-13T16:04:26.9 smqueue.cpp:2084:lookup_uri_imsi: no global relay defined; bouncing message intended for 123456789
DEBUG 0:9288 2021-08-13T16:04:26.9 smqueue.h:482:get_text: Trying to decode message MS->SC MTI=1 tl_message: MTI=1 RD=0 VPF=0 RP=0 UDHI=0 SRR=0 MR=56 DA=(type=unknown plan=E.164/ISDN digits=123456789) PI=0 DCS=0 VP=(expiration=(2021-08-20T16:04:26)) UD="DCS=0 UDHI=0 UDLength=5 UD=(ab5ebd7ae0)"
NOTICE 0:9288 2021-08-13T16:04:26.9 smqueue.h:505:get_text: Decoded text: Uuuuu
NOTICE 0:9288 2021-08-13T16:04:26.9 smqueue.cpp:1524:bounce_message: Bouncing 979536--OBTSyvgfdlvlpfszinsh from 10000001 to 123456789: Phone not registered here.
DEBUG 0:9288 2021-08-13T16:04:26.9 smqueue.cpp:824:set_qtag: Param tag=14533
DEBUG 0:9288 2021-08-13T16:04:26.9 smqueue.cpp:826:set_qtag: Got from tag
DEBUG 0:9288 2021-08-13T16:04:26.9 smqueue.cpp:687:validate_short_msg: Param tag=14533
DEBUG 0:9288 2021-08-13T16:04:26.9 smqueue.cpp:689:validate_short_msg: Got from tag
DEBUG 0:9288 2021-08-13T16:04:26.9 smqueue.cpp:824:set_qtag: Param tag=14533
DEBUG 0:9288 2021-08-13T16:04:26.9 smqueue.cpp:826:set_qtag: Got from tag
DEBUG 0:9288 2021-08-13T16:04:26.9 smqueue.h:1124:insert_new_message: Insert message into queue 2
DEBUG 0:9288 2021-08-13T16:04:26.9 smqueue.h:719:set_state: Set state Current: No State Newstate: Request Destination IMSI Timeout value 0
DEBUG 0:9288 2021-08-13T16:04:26.9 smqueue.cpp:2495:debug_dump: Dump message queue
DEBUG 0:9288 2021-08-13T16:04:26.9 smqueue.cpp:2500:debug_dump: === State: Request Destination IMSI	0
MSG = MESSAGE sip:10000001@127.0.0.1:5062 SIP/2.0
Via: SIP/2.0/UDP 127.0.0.1:5063;branch=1;received=smqueue@Range.com
From: 101 <sip:101@127.0.0.1>;tag=14533
To: <sip:10000001@127.0.0.1>
Call-ID: s0qGI/@127.0.0.1
CSeq: 14533 MESSAGE
Content-Type: text/plain
Content-Length:    67

Can't send your SMS to 123456789: Phone not registered here.: Uuuuu
DEBUG 0:9288 2021-08-13T16:04:26.9 smqueue.cpp:2500:debug_dump: === State: Request Destination IMSI	-200
MSG = MESSAGE sip:123456789@127.0.0.1:5063 SIP/2.0
Via: SIP/2.0/UDP 127.0.0.1:5063;branch=1;received=smqueue@Range.com
Via: SIP/2.0/UDP 127.0.0.1:5062;branch=z9hG4bKOBTSjnncgsommmiyveff
From: 10000001 <sip:10000001@127.0.0.1:5062>;tag=OBTSyvgfdlvlpfszinsh
To: 123456789 <sip:123456789@127.0.0.1>
Call-ID: 278a518b307d21b
CSeq: 979536 MESSAGE
Contact: <sip:IMSI001010123456780@127.0.0.1:5062>;expires=3600
Content-Type: application/vnd.3gpp.sms
Max-forwards: 70
P-preferred-identity: <sip:IMSI001010123456780@127.0.0.1>
User-agent: OpenBTS 5.0-master Build Date 2019-06-03T12:03:03
Content-Length:    48

0012000291f7110138098121436587f9000005d57abd5e07
DEBUG 0:9288 2021-08-13T16:04:26.9 SmqMessageHandler.cpp:260:ProcessReceivedMsg: Signal writer thread ProcessReceivedMsg
DEBUG 0:9288 2021-08-13T16:04:26.9 smqueue.h:719:set_state: Set state Current: Request Destination IMSI Newstate: Delete Me Timeout value 0
DEBUG 0:9288 2021-08-13T16:04:26.9 QueuedMsgHdrs.h:179:ProcessMessage: Process message ProcessIncommingMsg
DEBUG 0:9288 2021-08-13T16:04:26.9 smqueue.cpp:1005:process_timeout: Process message from SMS queue size: 2
INFO 0:9288 2021-08-13T16:04:26.9 smqueue.cpp:1017:process_timeout: === Aug 13 16:04:26 2 queued; Request Destination IMSI for 14533--14533
DEBUG 0:9288 2021-08-13T16:04:26.9 smqueue.cpp:1023:process_timeout: Processing message in queue, state Request Destination IMSI
INFO 0:9288 2021-08-13T16:04:26.9 ../SR/SubscriberRegistry.cpp:607:getIMSI2: getIMSI2(10000001)
INFO 0:9288 2021-08-13T16:04:26.9 ../SR/SubscriberRegistry.cpp:462:sqlLocal: select dial from dialdata_table where exten IN ('10000001', '+10000001')
INFO 0:9288 2021-08-13T16:04:26.9 ../SR/SubscriberRegistry.cpp:527:sqlQuery2: result = IMSI001010123456780
DEBUG 0:9288 2021-08-13T16:04:26.9 smqueue.h:719:set_state: Set state Current: Request Destination IMSI Newstate: Request Destination SIP URL Timeout value 3000000
DEBUG 0:9288 2021-08-13T16:04:27.1 smqueue.cpp:1005:process_timeout: Process message from SMS queue size: 2
INFO 0:9288 2021-08-13T16:04:27.1 smqueue.cpp:1017:process_timeout: === Aug 13 16:04:27 2 queued; Request Destination SIP URL for 14533--14533
DEBUG 0:9288 2021-08-13T16:04:27.1 smqueue.cpp:1023:process_timeout: Processing message in queue, state Request Destination SIP URL
DEBUG 0:9288 2021-08-13T16:04:27.1 smqueue.cpp:2283:lookup_uri_hostport: We have an IMSI: IMSI001010123456780
INFO 0:9288 2021-08-13T16:04:27.1 ../SR/SubscriberRegistry.cpp:654:getRegistrationIP: getRegistrationIP(IMSI001010123456780)
INFO 0:9288 2021-08-13T16:04:27.1 ../SR/SubscriberRegistry.cpp:462:sqlLocal: select ipaddr from sip_buddies where username = "IMSI001010123456780"
INFO 0:9288 2021-08-13T16:04:27.1 ../SR/SubscriberRegistry.cpp:501:sqlQuery: result = 127.0.0.1
DEBUG 0:9288 2021-08-13T16:04:27.1 smqueue.cpp:2288:lookup_uri_hostport: We are going to try to send to 127.0.0.1 on 
DEBUG 0:9288 2021-08-13T16:04:27.1 smqueue.cpp:2308:lookup_uri_hostport: We will send to 127.0.0.1 on 5062
DEBUG 0:9288 2021-08-13T16:04:27.1 smqueue.cpp:824:set_qtag: Param tag=14533
DEBUG 0:9288 2021-08-13T16:04:27.1 smqueue.cpp:826:set_qtag: Got from tag
DEBUG 0:9288 2021-08-13T16:04:27.1 smqueue.h:719:set_state: Set state Current: Request Destination SIP URL Newstate: Request Message Delivery Timeout value 0
DEBUG 0:9288 2021-08-13T16:04:27.3 smqueue.cpp:1005:process_timeout: Process message from SMS queue size: 2
INFO 0:9288 2021-08-13T16:04:27.3 smqueue.cpp:1017:process_timeout: === Aug 13 16:04:27 2 queued; Delete Me for 979536--OBTSyvgfdlvlpfszinsh
DEBUG 0:9288 2021-08-13T16:04:27.3 smqueue.cpp:1023:process_timeout: Processing message in queue, state Delete Me
DEBUG 0:9288 2021-08-13T16:04:27.5 smqueue.cpp:1005:process_timeout: Process message from SMS queue size: 1
INFO 0:9288 2021-08-13T16:04:27.5 smqueue.cpp:1017:process_timeout: === Aug 13 16:04:27 1 queued; Request Message Delivery for 14533--14533
DEBUG 0:9288 2021-08-13T16:04:27.5 smqueue.cpp:1023:process_timeout: Processing message in queue, state Request Message Delivery
DEBUG 0:9288 2021-08-13T16:04:27.5 smqueue.cpp:1126:process_timeout: In delivery action time 1628841867137
INFO 0:9288 2021-08-13T16:04:27.5 smqueue.cpp:1150:process_timeout: MaxRetries: trying attempt #1
INFO 0:9288 2021-08-13T16:04:27.5 smqueue.cpp:1169:process_timeout: Delivering '14533--14533' from 101 at 127.0.0.1:5062.
DEBUG 0:9288 2021-08-13T16:04:27.5 smqueue.cpp:1179:process_timeout: Before deliver set state action time 1628841867137
DEBUG 0:9288 2021-08-13T16:04:27.5 smnet.cpp:110:deliver_msg_datagram: 
--Deliver message:
DEBUG 0:9288 2021-08-13T16:04:27.5 smnet.cpp:111:deliver_msg_datagram: MESSAGE sip:IMSI001010123456780@127.0.0.1:5062 SIP/2.0
Via: SIP/2.0/UDP 127.0.0.1:5063;branch=1;received=smqueue@Range.com
From: 101 <sip:101@127.0.0.1>;tag=14533
To: <sip:10000001@127.0.0.1>
Call-ID: TS6M6/@127.0.0.1
CSeq: 14533 MESSAGE
Content-Type: text/plain
Content-Length:    67

Can't send your SMS to 123456789: Phone not registered here.: Uuuuu
DEBUG 0:9288 2021-08-13T16:04:27.5 smqueue.h:719:set_state: Set state Current: Request Message Delivery Newstate: Asked for Message Delivery Timeout value 3000000
DEBUG 0:9288 2021-08-13T16:04:27.5 smqueue.cpp:1185:process_timeout: After deliver set state action time 1628841882537
DEBUG 0:9287 2021-08-13T16:04:31.5 smqueue.cpp:2413:main_loop: Got incoming datagram length 288
DEBUG 0:9287 2021-08-13T16:04:31.5 smqueue.h:326:parse: SMS content not set continue anyway??
DEBUG 0:9287 2021-08-13T16:04:31.5 smqueue.cpp:687:validate_short_msg: Param tag=14533
DEBUG 0:9287 2021-08-13T16:04:31.5 smqueue.cpp:689:validate_short_msg: Got from tag
DEBUG 0:9287 2021-08-13T16:04:31.5 smqueue.cpp:824:set_qtag: Param tag=14533
DEBUG 0:9287 2021-08-13T16:04:31.5 smqueue.cpp:826:set_qtag: Got from tag
INFO 0:9287 2021-08-13T16:04:31.5 smqueue.cpp:2461:main_loop: Got SMS 200 Response qtag '14533--14533 for 
DEBUG 0:9287 2021-08-13T16:04:31.5 smqueue.h:719:set_state: Set state Current: No State Newstate: Initial State Timeout value 1
DEBUG 0:9287 2021-08-13T16:04:31.5 smqueue.cpp:2495:debug_dump: Dump message queue
DEBUG 0:9287 2021-08-13T16:04:31.5 smqueue.cpp:2500:debug_dump: === State: Initial State	0
MSG = SIP/2.0 200 OK
To: <sip:10000001@127.0.0.1>
From: 101 <sip:101@127.0.0.1>;tag=14533
Via: SIP/2.0/UDP 127.0.0.1:5063;branch=1;received=smqueue@Range.com
Call-ID: TS6M6/@127.0.0.1
CSeq: 14533 MESSAGE
User-Agent: OpenBTS 5.0-master Build Date 2019-06-03T12:03:03
Content-Length: 0

DEBUG 0:9287 2021-08-13T16:04:31.5 smqueue.cpp:2500:debug_dump: === State: Asked for Message Delivery	11003
MSG = MESSAGE sip:IMSI001010123456780@127.0.0.1:5062 SIP/2.0
Via: SIP/2.0/UDP 127.0.0.1:5063;branch=1;received=smqueue@Range.com
From: 101 <sip:101@127.0.0.1>;tag=14533
To: <sip:10000001@127.0.0.1>
Call-ID: TS6M6/@127.0.0.1
CSeq: 14533 MESSAGE
Content-Type: text/plain
Content-Length:    67

Can't send your SMS to 123456789: Phone not registered here.: Uuuuu
DEBUG 0:9287 2021-08-13T16:04:31.5 SmqMessageHandler.cpp:260:ProcessReceivedMsg: Signal writer thread ProcessReceivedMsg
DEBUG 0:9287 2021-08-13T16:04:31.5 SmqMessageHandler.cpp:251:queue_respond_sip_ack: Send SIP ACK queue request
DEBUG 0:9287 2021-08-13T16:04:31.5 smnet.cpp:203:get_next_dgram: Try to load datagram tmo 60000 socket fd 24
DEBUG 0:9288 2021-08-13T16:04:31.5 QueuedMsgHdrs.h:179:ProcessMessage: Process message ProcessIncommingMsg
DEBUG 0:9288 2021-08-13T16:04:31.5 smqueue.cpp:1005:process_timeout: Process message from SMS queue size: 2
INFO 0:9288 2021-08-13T16:04:31.5 smqueue.cpp:1017:process_timeout: === Aug 13 16:04:31 2 queued; Initial State for 14533--14533
DEBUG 0:9288 2021-08-13T16:04:31.5 smqueue.cpp:1023:process_timeout: Processing message in queue, state Initial State
NOTICE 0:9288 2021-08-13T16:04:31.5 smqueue.cpp:318:handle_response: Got 200 response for sent msg '14533--14533' in state 12
INFO 0:9288 2021-08-13T16:04:31.5 ../SR/SubscriberRegistry.cpp:607:getIMSI2: getIMSI2(101)
INFO 0:9288 2021-08-13T16:04:31.5 ../SR/SubscriberRegistry.cpp:462:sqlLocal: select dial from dialdata_table where exten IN ('101', '+101')
INFO 0:9288 2021-08-13T16:04:31.5 ../SR/SubscriberRegistry.cpp:531:sqlQuery2: not found: select dial from dialdata_table where exten IN ('101', '+101')
INFO 0:9288 2021-08-13T16:04:31.5 smqueue.cpp:385:handle_response: Deleting sent message.
DEBUG 0:9288 2021-08-13T16:04:31.5 QueuedMsgHdrs.h:124:ProcessMessage: Process message SIPAckMessage
DEBUG 0:9288 2021-08-13T16:04:31.5 smqueue.cpp:2186:respond_sip_ack: Send SIP ACK message
DEBUG 0:9288 2021-08-13T16:04:31.5 smqueue.cpp:2193:respond_sip_ack: Short message parse returned success
DEBUG 0:9288 2021-08-13T16:04:31.5 smqueue.cpp:2195:respond_sip_ack: Ignore response message
DEBUG 0:9288 2021-08-13T16:04:33.1 SmqWriter.cpp:80:SmqWriterThread: Run once a minute stuff
INFO 0:9288 2021-08-13T16:04:33.1 smqueue.cpp:1470:InitInsideReaderLoop: SIP.myPort UDP 5063
INFO 0:9288 2021-08-13T16:04:33.1 smqueue.cpp:1471:InitInsideReaderLoop: My own IP address is configured as 127.0.0.1
INFO 0:9288 2021-08-13T16:04:33.1 smqueue.cpp:1472:InitInsideReaderLoop: The HLR registry is at 127.0.0.1:5060
DEBUG 0:9288 2021-08-13T16:04:33.1 smqueue.cpp:2519:save_queue_to_file: save_queue_to_file:/tmp/save
INFO 0:9288 2021-08-13T16:04:33.1 smqueue.cpp:2549:save_queue_to_file: Saved 0 queued messages to /tmp/save
DEBUG 0:9287 2021-08-13T16:04:34.3 smqueue.cpp:2413:main_loop: Got incoming datagram length 575
DEBUG 0:9287 2021-08-13T16:04:34.3 smqueue.h:340:parse: SMS message encoded 3GPP
DEBUG 0:9287 2021-08-13T16:04:34.3 SMSMessages.cpp:93:decodeRPData:  datalen=50 encoding=hex
DEBUG 0:9287 2021-08-13T16:04:34.3 SMSMessages.cpp:108:decodeRPData: SMS RPDU: primitive=undefined  data=(0014000291f71201300881010000100000074ab29a8c268300)
DEBUG 0:9287 2021-08-13T16:04:34.3 GSML3CCElements.cpp:108:parseV: L3CalledPartyBCDNumber::parseV rp=32 expLen=2
DEBUG 0:9287 2021-08-13T16:04:34.3 GSML3CCElements.cpp:33:parse: parse international 1
DEBUG 0:9287 2021-08-13T16:04:34.3 SMSMessages.cpp:286:parseV: src=primitive=DATA raw=(0014000291f71201300881010000100000074ab29a8c268300) (length=25) rp=56 expectedLength=18
DEBUG 0:9287 2021-08-13T16:04:34.3 SMSMessages.cpp:292:parseV: mTPDU length=18data=primitive=undefined  data=(040404045ffd00b1675a9c41b30a1029a245)
DEBUG 0:9287 2021-08-13T16:04:34.3 SMSMessages.cpp:114:decodeRPData: SMS RP-DATA 0 ref=20 origSMSC=(type=unknown plan=unknown digits=) destSMSC=(type=international plan=E.164/ISDN digits=+7) TPDU=(primitive=undefined  data=(01300881010000100000074ab29a8c268300))
DEBUG 0:9287 2021-08-13T16:04:34.3 SMSMessages.cpp:173:parseTPDU: SMS: parseTPDU MTI=1
DEBUG 0:9287 2021-08-13T16:04:34.3 GSML3CCElements.cpp:33:parse: parse international 0
DEBUG 0:9287 2021-08-13T16:04:34.3 SMSMessages.cpp:474:parse: SMS: TLValidityPeriod::parse VPF=0
DEBUG 0:9287 2021-08-13T16:04:34.3 SMSMessages.cpp:505:parse: SMS: no validity period, assuming 1 week
INFO 0:9287 2021-08-13T16:04:34.3 SMSMessages.cpp:184:parseTPDU: SMS SMS-SUBMIT MTI=1 RD=0 VPF=0 RP=0 UDHI=0 SRR=0 MR=48 DA=(type=unknown plan=E.164/ISDN digits=10000001) PI=0 DCS=0 VP=(expiration=(2021-08-20T16:04:34)) UD="DCS=0 UDHI=0 UDLength=7 UD=(524d593164c100)"
DEBUG 0:9287 2021-08-13T16:04:34.3 smqueue.cpp:687:validate_short_msg: Param tag=OBTSzzmpedyvbeyrsxre
DEBUG 0:9287 2021-08-13T16:04:34.3 smqueue.cpp:689:validate_short_msg: Got from tag
DEBUG 0:9287 2021-08-13T16:04:34.3 smnet.cpp:450:msg_is_from_relay: Source addr: 127.0.0.1:5062
DEBUG 0:9287 2021-08-13T16:04:34.3 smqueue.cpp:824:set_qtag: Param tag=OBTSzzmpedyvbeyrsxre
DEBUG 0:9287 2021-08-13T16:04:34.3 smqueue.cpp:826:set_qtag: Got from tag
NOTICE 0:9287 2021-08-13T16:04:34.3 smqueue.cpp:2455:main_loop: Got SMS rqst qtag '979538--OBTSzzmpedyvbeyrsxre' from IMSI001012333333333 for smsc
DEBUG 0:9287 2021-08-13T16:04:34.3 smqueue.h:719:set_state: Set state Current: No State Newstate: Initial State Timeout value 1
DEBUG 0:9287 2021-08-13T16:04:34.3 smqueue.cpp:2495:debug_dump: Dump message queue
DEBUG 0:9287 2021-08-13T16:04:34.3 smqueue.cpp:2500:debug_dump: === State: Initial State	0
MSG = MESSAGE sip:smsc@127.0.0.1:5063 SIP/2.0
To:  <sip:smsc@127.0.0.1>
From:  <sip:IMSI001012333333333@127.0.0.1:5062>;tag=OBTSzzmpedyvbeyrsxre
Via: SIP/2.0/UDP 127.0.0.1:5062;branch=z9hG4bKOBTSexggskilxjdfkume
Call-ID: 279253543e51a4cf
CSeq: 979538 MESSAGE
Contact: <sip:IMSI001012333333333@127.0.0.1:5062>;expires=3600
Max-Forwards: 70
P-Preferred-Identity: <sip:IMSI001012333333333@127.0.0.1>
User-Agent: OpenBTS 5.0-master Build Date 2019-06-03T12:03:03
Content-Type: application/vnd.3gpp.sms
Content-Length: 50

0014000291f71201300881010000100000074ab29a8c268300
DEBUG 0:9287 2021-08-13T16:04:34.3 SmqMessageHandler.cpp:260:ProcessReceivedMsg: Signal writer thread ProcessReceivedMsg
DEBUG 0:9287 2021-08-13T16:04:34.3 SmqMessageHandler.cpp:251:queue_respond_sip_ack: Send SIP ACK queue request
DEBUG 0:9287 2021-08-13T16:04:34.3 smnet.cpp:203:get_next_dgram: Try to load datagram tmo 60000 socket fd 24
DEBUG 0:9288 2021-08-13T16:04:34.3 QueuedMsgHdrs.h:179:ProcessMessage: Process message ProcessIncommingMsg
DEBUG 0:9288 2021-08-13T16:04:34.3 smqueue.cpp:1005:process_timeout: Process message from SMS queue size: 1
INFO 0:9288 2021-08-13T16:04:34.3 smqueue.cpp:1017:process_timeout: === Aug 13 16:04:34 1 queued; Initial State for 979538--OBTSzzmpedyvbeyrsxre
DEBUG 0:9288 2021-08-13T16:04:34.3 smqueue.cpp:1023:process_timeout: Processing message in queue, state Initial State
DEBUG 0:9288 2021-08-13T16:04:34.3 smqueue.h:482:get_text: Trying to decode message MS->SC MTI=1 tl_message: MTI=1 RD=0 VPF=0 RP=0 UDHI=0 SRR=0 MR=48 DA=(type=unknown plan=E.164/ISDN digits=10000001) PI=0 DCS=0 VP=(expiration=(2021-08-20T16:04:34)) UD="DCS=0 UDHI=0 UDLength=7 UD=(524d593164c100)"
NOTICE 0:9288 2021-08-13T16:04:34.3 smqueue.h:505:get_text: Decoded text: Jdjdhd 
INFO 0:9288 2021-08-13T16:04:34.3 smqueue.cpp:1778:handle_short_code: Short-code SMS smsc with text "Jdjdhd "
INFO 0:9288 2021-08-13T16:04:34.3 smsc.cpp:295:submitSMS: from IMSI001012333333333 message: MTI=1 RD=0 VPF=0 RP=0 UDHI=0 SRR=0 MR=48 DA=(type=unknown plan=E.164/ISDN digits=10000001) PI=0 DCS=0 VP=(expiration=(2021-08-20T16:04:34)) UD="DCS=0 UDHI=0 UDLength=7 UD=(524d593164c100)"
INFO 0:9288 2021-08-13T16:04:34.3 ../SR/SubscriberRegistry.cpp:607:getIMSI2: getIMSI2(10000001)
INFO 0:9288 2021-08-13T16:04:34.3 ../SR/SubscriberRegistry.cpp:462:sqlLocal: select dial from dialdata_table where exten IN ('10000001', '+10000001')
INFO 0:9288 2021-08-13T16:04:34.3 ../SR/SubscriberRegistry.cpp:527:sqlQuery2: result = IMSI001010123456780
INFO 0:9288 2021-08-13T16:04:34.3 smsc.cpp:117:sendSIP_init: from IMSI001012333333333 to 10000001
DEBUG 0:9288 2021-08-13T16:04:34.3 smqueue.cpp:1056:process_timeout: State from handle_short_code Initial State
DEBUG 0:9288 2021-08-13T16:04:34.3 smqueue.h:719:set_state: Set state Current: Initial State Newstate: Initial State Timeout value 0
DEBUG 0:9288 2021-08-13T16:04:34.3 QueuedMsgHdrs.h:124:ProcessMessage: Process message SIPAckMessage
DEBUG 0:9288 2021-08-13T16:04:34.3 smqueue.cpp:2186:respond_sip_ack: Send SIP ACK message
DEBUG 0:9288 2021-08-13T16:04:34.3 smqueue.cpp:2193:respond_sip_ack: Short message parse returned success
INFO 0:9288 2021-08-13T16:04:34.3 smqueue.cpp:2243:respond_sip_ack: Responding with "202 Queued".
DEBUG 0:9288 2021-08-13T16:04:34.5 smqueue.cpp:1005:process_timeout: Process message from SMS queue size: 1
INFO 0:9288 2021-08-13T16:04:34.5 smqueue.cpp:1017:process_timeout: === Aug 13 16:04:34 1 queued; Initial State for 979538--OBTSzzmpedyvbeyrsxre
DEBUG 0:9288 2021-08-13T16:04:34.5 smqueue.cpp:1023:process_timeout: Processing message in queue, state Initial State
DEBUG 0:9288 2021-08-13T16:04:34.5 smqueue.cpp:1056:process_timeout: State from handle_short_code Initial State
DEBUG 0:9288 2021-08-13T16:04:34.5 smqueue.h:719:set_state: Set state Current: Initial State Newstate: Request From-Address Lookup Timeout value 3000000
DEBUG 0:9288 2021-08-13T16:04:34.7 smqueue.cpp:1005:process_timeout: Process message from SMS queue size: 1
INFO 0:9288 2021-08-13T16:04:34.7 smqueue.cpp:1017:process_timeout: === Aug 13 16:04:34 1 queued; Request From-Address Lookup for 979538--OBTSzzmpedyvbeyrsxre
DEBUG 0:9288 2021-08-13T16:04:34.7 smqueue.cpp:1023:process_timeout: Processing message in queue, state Request From-Address Lookup
INFO 0:9288 2021-08-13T16:04:34.7 ../SR/SubscriberRegistry.cpp:630:getCLIDLocal: getCLIDLocal(IMSI001012333333333)
INFO 0:9288 2021-08-13T16:04:34.7 ../SR/SubscriberRegistry.cpp:462:sqlLocal: select callerid from sip_buddies where username = "IMSI001012333333333"
INFO 0:9288 2021-08-13T16:04:34.7 ../SR/SubscriberRegistry.cpp:501:sqlQuery: result = 10000000
DEBUG 0:9288 2021-08-13T16:04:34.7 smqueue.h:719:set_state: Set state Current: Request From-Address Lookup Newstate: Request Destination IMSI Timeout value 0
DEBUG 0:9288 2021-08-13T16:04:34.9 smqueue.cpp:1005:process_timeout: Process message from SMS queue size: 1
INFO 0:9288 2021-08-13T16:04:34.9 smqueue.cpp:1017:process_timeout: === Aug 13 16:04:34 1 queued; Request Destination IMSI for 979538--OBTSzzmpedyvbeyrsxre
DEBUG 0:9288 2021-08-13T16:04:34.9 smqueue.cpp:1023:process_timeout: Processing message in queue, state Request Destination IMSI
INFO 0:9288 2021-08-13T16:04:34.9 ../SR/SubscriberRegistry.cpp:607:getIMSI2: getIMSI2(10000001)
INFO 0:9288 2021-08-13T16:04:34.9 ../SR/SubscriberRegistry.cpp:462:sqlLocal: select dial from dialdata_table where exten IN ('10000001', '+10000001')
INFO 0:9288 2021-08-13T16:04:34.9 ../SR/SubscriberRegistry.cpp:527:sqlQuery2: result = IMSI001010123456780
DEBUG 0:9288 2021-08-13T16:04:34.9 smqueue.h:719:set_state: Set state Current: Request Destination IMSI Newstate: Request Destination SIP URL Timeout value 3000000
DEBUG 0:9288 2021-08-13T16:04:35.1 smqueue.cpp:1005:process_timeout: Process message from SMS queue size: 1
INFO 0:9288 2021-08-13T16:04:35.1 smqueue.cpp:1017:process_timeout: === Aug 13 16:04:35 1 queued; Request Destination SIP URL for 979538--OBTSzzmpedyvbeyrsxre
DEBUG 0:9288 2021-08-13T16:04:35.1 smqueue.cpp:1023:process_timeout: Processing message in queue, state Request Destination SIP URL
DEBUG 0:9288 2021-08-13T16:04:35.1 smqueue.cpp:2283:lookup_uri_hostport: We have an IMSI: IMSI001010123456780
INFO 0:9288 2021-08-13T16:04:35.1 ../SR/SubscriberRegistry.cpp:654:getRegistrationIP: getRegistrationIP(IMSI001010123456780)
INFO 0:9288 2021-08-13T16:04:35.1 ../SR/SubscriberRegistry.cpp:462:sqlLocal: select ipaddr from sip_buddies where username = "IMSI001010123456780"
INFO 0:9288 2021-08-13T16:04:35.1 ../SR/SubscriberRegistry.cpp:501:sqlQuery: result = 127.0.0.1
DEBUG 0:9288 2021-08-13T16:04:35.1 smqueue.cpp:2288:lookup_uri_hostport: We are going to try to send to 127.0.0.1 on 
DEBUG 0:9288 2021-08-13T16:04:35.1 smqueue.cpp:2308:lookup_uri_hostport: We will send to 127.0.0.1 on 5062
DEBUG 0:9288 2021-08-13T16:04:35.1 smqueue.cpp:824:set_qtag: Param tag=OBTSzzmpedyvbeyrsxre
DEBUG 0:9288 2021-08-13T16:04:35.1 smqueue.cpp:826:set_qtag: Got from tag
DEBUG 0:9288 2021-08-13T16:04:35.1 smqueue.h:719:set_state: Set state Current: Request Destination SIP URL Newstate: Request Message Delivery Timeout value 0
DEBUG 0:9288 2021-08-13T16:04:35.3 smqueue.cpp:1005:process_timeout: Process message from SMS queue size: 1
INFO 0:9288 2021-08-13T16:04:35.3 smqueue.cpp:1017:process_timeout: === Aug 13 16:04:35 1 queued; Request Message Delivery for 979538--OBTSzzmpedyvbeyrsxre
DEBUG 0:9288 2021-08-13T16:04:35.3 smqueue.cpp:1023:process_timeout: Processing message in queue, state Request Message Delivery
DEBUG 0:9288 2021-08-13T16:04:35.3 smqueue.cpp:1126:process_timeout: In delivery action time 1628841875143
DEBUG 0:9288 2021-08-13T16:04:35.3 smqueue.h:482:get_text: Trying to decode message MS->SC MTI=1 tl_message: MTI=1 RD=0 VPF=0 RP=0 UDHI=0 SRR=0 MR=48 DA=(type=unknown plan=E.164/ISDN digits=10000001) PI=0 DCS=0 VP=(expiration=(2021-08-20T16:04:34)) UD="DCS=0 UDHI=0 UDLength=7 UD=(524d593164c100)"
NOTICE 0:9288 2021-08-13T16:04:35.3 smqueue.h:505:get_text: Decoded text: Jdjdhd 
DEBUG 0:9288 2021-08-13T16:04:35.3 smsc.cpp:252:create_sms_delivery: New TLDeliver: MTI=0 OriginatingAddress=(type=national plan=E.164/ISDN digits=10000000) SCTimeStamp=(2021-08-13T16:04:35 (local)) DataCodingScheme=0 UserData=(DCS=0 UDHI=0 UDLength=7 UD=(524d593164c100))
DEBUG 0:9288 2021-08-13T16:04:35.3 SMSMessages.cpp:811:l2BodyLength: TLDEliver::l2BodyLength OA 6 SCTS 7 UD 8
DEBUG 0:9288 2021-08-13T16:04:35.3 GSML3MMElements.cpp:87:writeV: year=21 month=8 day=13 hour=16 min=4 sec=35 zone=+32
DEBUG 0:9288 2021-08-13T16:04:35.3 smsc.cpp:255:create_sms_delivery: New RPData: 0 ref=83 origSMSC=(type=national plan=E.164/ISDN digits=0000) destSMSC=(type=unknown plan=unknown digits=) TPDU=(primitive=undefined  data=(0408a101000000000012803161405323074ab29a8c268300))
DEBUG 0:9288 2021-08-13T16:04:35.3 GSML3CCElements.cpp:100:writeV: writeV mType national first digit 0
DEBUG 0:9288 2021-08-13T16:04:35.3 smsc.cpp:187:pack_tpdu: New RLFrame: primitive=undefined  data=(015303a1000000180408a101000000000012803161405323074ab29a8c268300)
DEBUG 0:9288 2021-08-13T16:04:35.3 smsc.cpp:193:pack_tpdu: omsg->bodies.node 0x7f16e0003590 omsg->bodies.node->element 0x7f16e00034c0
INFO 0:9288 2021-08-13T16:04:35.3 smqueue.cpp:1150:process_timeout: MaxRetries: trying attempt #1
INFO 0:9288 2021-08-13T16:04:35.3 smqueue.cpp:1169:process_timeout: Delivering '979538--OBTSzzmpedyvbeyrsxre' from 10000000 at 127.0.0.1:5062.
DEBUG 0:9288 2021-08-13T16:04:35.3 smqueue.cpp:1179:process_timeout: Before deliver set state action time 1628841875143
DEBUG 0:9288 2021-08-13T16:04:35.3 smnet.cpp:110:deliver_msg_datagram: 
--Deliver message:
DEBUG 0:9288 2021-08-13T16:04:35.3 smnet.cpp:111:deliver_msg_datagram: MESSAGE sip:IMSI001010123456780@127.0.0.1:5062 SIP/2.0
Via: SIP/2.0/UDP 127.0.0.1:5063;branch=1;received=smqueue@Range.com
Via: SIP/2.0/UDP 127.0.0.1:5062;branch=z9hG4bKOBTSexggskilxjdfkume
From: 10000000 <sip:10000000@127.0.0.1:5062>;tag=OBTSzzmpedyvbeyrsxre
To: 10000001 <sip:10000001@127.0.0.1>
Call-ID: 7UOUn/
CSeq: 979538 MESSAGE
Contact: <sip:IMSI001012333333333@127.0.0.1:5062>;expires=3600
Content-Type: application/vnd.3gpp.sms
Max-forwards: 70
P-preferred-identity: <sip:IMSI001012333333333@127.0.0.1>
User-agent: OpenBTS 5.0-master Build Date 2019-06-03T12:03:03
Content-Length:    64

015303A1000000180408A101000000000012803161405323074AB29A8C268300
DEBUG 0:9288 2021-08-13T16:04:35.3 smqueue.h:719:set_state: Set state Current: Request Message Delivery Newstate: Asked for Message Delivery Timeout value 3000000
DEBUG 0:9288 2021-08-13T16:04:35.3 smqueue.cpp:1185:process_timeout: After deliver set state action time 1628841890344
DEBUG 0:9287 2021-08-13T16:04:41.1 smqueue.cpp:2413:main_loop: Got incoming datagram length 380
DEBUG 0:9287 2021-08-13T16:04:41.1 smqueue.h:326:parse: SMS content not set continue anyway??
DEBUG 0:9287 2021-08-13T16:04:41.1 smqueue.cpp:687:validate_short_msg: Param tag=OBTSzzmpedyvbeyrsxre
DEBUG 0:9287 2021-08-13T16:04:41.1 smqueue.cpp:689:validate_short_msg: Got from tag
DEBUG 0:9287 2021-08-13T16:04:41.1 smqueue.cpp:824:set_qtag: Param tag=OBTSzzmpedyvbeyrsxre
DEBUG 0:9287 2021-08-13T16:04:41.1 smqueue.cpp:826:set_qtag: Got from tag
INFO 0:9287 2021-08-13T16:04:41.1 smqueue.cpp:2461:main_loop: Got SMS 200 Response qtag '979538--OBTSzzmpedyvbeyrsxre for 
DEBUG 0:9287 2021-08-13T16:04:41.1 smqueue.h:719:set_state: Set state Current: No State Newstate: Initial State Timeout value 1
DEBUG 0:9287 2021-08-13T16:04:41.1 smqueue.cpp:2495:debug_dump: Dump message queue
DEBUG 0:9287 2021-08-13T16:04:41.1 smqueue.cpp:2500:debug_dump: === State: Initial State	0
MSG = SIP/2.0 200 OK
To: 10000001 <sip:10000001@127.0.0.1>
From: 10000000 <sip:10000000@127.0.0.1:5062>;tag=OBTSzzmpedyvbeyrsxre
Via: SIP/2.0/UDP 127.0.0.1:5063;branch=1;received=smqueue@Range.com,SIP/2.0/UDP 127.0.0.1:5062;branch=z9hG4bKOBTSexggskilxjdfkume
Call-ID: 7UOUn/
CSeq: 979538 MESSAGE
User-Agent: OpenBTS 5.0-master Build Date 2019-06-03T12:03:03
Content-Length: 0

DEBUG 0:9287 2021-08-13T16:04:41.1 smqueue.cpp:2500:debug_dump: === State: Asked for Message Delivery	9157
MSG = MESSAGE sip:IMSI001010123456780@127.0.0.1:5062 SIP/2.0
Via: SIP/2.0/UDP 127.0.0.1:5063;branch=1;received=smqueue@Range.com
Via: SIP/2.0/UDP 127.0.0.1:5062;branch=z9hG4bKOBTSexggskilxjdfkume
From: 10000000 <sip:10000000@127.0.0.1:5062>;tag=OBTSzzmpedyvbeyrsxre
To: 10000001 <sip:10000001@127.0.0.1>
Call-ID: 7UOUn/
CSeq: 979538 MESSAGE
Contact: <sip:IMSI001012333333333@127.0.0.1:5062>;expires=3600
Content-Type: application/vnd.3gpp.sms
Max-forwards: 70
P-preferred-identity: <sip:IMSI001012333333333@127.0.0.1>
User-agent: OpenBTS 5.0-master Build Date 2019-06-03T12:03:03
Content-Length:    64

015303A1000000180408A101000000000012803161405323074AB29A8C268300
DEBUG 0:9287 2021-08-13T16:04:41.1 SmqMessageHandler.cpp:260:ProcessReceivedMsg: Signal writer thread ProcessReceivedMsg
DEBUG 0:9287 2021-08-13T16:04:41.1 SmqMessageHandler.cpp:251:queue_respond_sip_ack: Send SIP ACK queue request
DEBUG 0:9287 2021-08-13T16:04:41.1 smnet.cpp:203:get_next_dgram: Try to load datagram tmo 60000 socket fd 24
DEBUG 0:9288 2021-08-13T16:04:41.1 QueuedMsgHdrs.h:179:ProcessMessage: Process message ProcessIncommingMsg
DEBUG 0:9288 2021-08-13T16:04:41.1 smqueue.cpp:1005:process_timeout: Process message from SMS queue size: 2
INFO 0:9288 2021-08-13T16:04:41.1 smqueue.cpp:1017:process_timeout: === Aug 13 16:04:41 2 queued; Initial State for 979538--OBTSzzmpedyvbeyrsxre
DEBUG 0:9288 2021-08-13T16:04:41.1 smqueue.cpp:1023:process_timeout: Processing message in queue, state Initial State
NOTICE 0:9288 2021-08-13T16:04:41.1 smqueue.cpp:318:handle_response: Got 200 response for sent msg '979538--OBTSzzmpedyvbeyrsxre' in state 12
INFO 0:9288 2021-08-13T16:04:41.1 ../SR/SubscriberRegistry.cpp:607:getIMSI2: getIMSI2(10000000)
INFO 0:9288 2021-08-13T16:04:41.1 ../SR/SubscriberRegistry.cpp:462:sqlLocal: select dial from dialdata_table where exten IN ('10000000', '+10000000')
INFO 0:9288 2021-08-13T16:04:41.1 ../SR/SubscriberRegistry.cpp:527:sqlQuery2: result = IMSI001012333333333
INFO 0:9288 2021-08-13T16:04:41.1 smqueue.cpp:385:handle_response: Deleting sent message.
DEBUG 0:9288 2021-08-13T16:04:41.1 QueuedMsgHdrs.h:124:ProcessMessage: Process message SIPAckMessage
DEBUG 0:9288 2021-08-13T16:04:41.1 smqueue.cpp:2186:respond_sip_ack: Send SIP ACK message
DEBUG 0:9288 2021-08-13T16:04:41.1 smqueue.cpp:2193:respond_sip_ack: Short message parse returned success
DEBUG 0:9288 2021-08-13T16:04:41.1 smqueue.cpp:2195:respond_sip_ack: Ignore response message
DEBUG 0:9288 2021-08-13T16:05:34.1 SmqWriter.cpp:80:SmqWriterThread: Run once a minute stuff
INFO 0:9288 2021-08-13T16:05:34.1 smqueue.cpp:1470:InitInsideReaderLoop: SIP.myPort UDP 5063
INFO 0:9288 2021-08-13T16:05:34.1 smqueue.cpp:1471:InitInsideReaderLoop: My own IP address is configured as 127.0.0.1
INFO 0:9288 2021-08-13T16:05:34.1 smqueue.cpp:1472:InitInsideReaderLoop: The HLR registry is at 127.0.0.1:5060
DEBUG 0:9288 2021-08-13T16:05:34.1 smqueue.cpp:2519:save_queue_to_file: save_queue_to_file:/tmp/save
INFO 0:9288 2021-08-13T16:05:34.1 smqueue.cpp:2549:save_queue_to_file: Saved 0 queued messages to /tmp/save
DEBUG 0:9287 2021-08-13T16:05:41.2 smnet.cpp:212:get_next_dgram: Timeout returned from poll
DEBUG 0:9287 2021-08-13T16:05:41.2 smqueue.cpp:2410:main_loop: Timeout wait for datagram
DEBUG 0:9287 2021-08-13T16:05:41.2 smnet.cpp:203:get_next_dgram: Try to load datagram tmo 60000 socket fd 24
DEBUG 0:9288 2021-08-13T16:06:35.0 SmqWriter.cpp:80:SmqWriterThread: Run once a minute stuff
INFO 0:9288 2021-08-13T16:06:35.0 smqueue.cpp:1470:InitInsideReaderLoop: SIP.myPort UDP 5063
INFO 0:9288 2021-08-13T16:06:35.0 smqueue.cpp:1471:InitInsideReaderLoop: My own IP address is configured as 127.0.0.1
INFO 0:9288 2021-08-13T16:06:35.0 smqueue.cpp:1472:InitInsideReaderLoop: The HLR registry is at 127.0.0.1:5060
DEBUG 0:9288 2021-08-13T16:06:35.0 smqueue.cpp:2519:save_queue_to_file: save_queue_to_file:/tmp/save
INFO 0:9288 2021-08-13T16:06:35.0 smqueue.cpp:2549:save_queue_to_file: Saved 0 queued messages to /tmp/save
DEBUG 0:9287 2021-08-13T16:06:41.3 smnet.cpp:212:get_next_dgram: Timeout returned from poll
DEBUG 0:9287 2021-08-13T16:06:41.3 smqueue.cpp:2410:main_loop: Timeout wait for datagram
DEBUG 0:9287 2021-08-13T16:06:41.3 smnet.cpp:203:get_next_dgram: Try to load datagram tmo 60000 socket fd 24
